gpasm-0.13.4 beta               boot_main.asm4-14-2009  19:33:59          PAGE  1


LOC  OBJECT CODE     LINE SOURCE TEXT
  VALUE
 
               00001 ;--------------------------------------------------------
               00002 ; File Created by SDCC : FreeWare ANSI-C Compiler
               00003 ; Version 2.6.1 #4482 (Mar 15 2009)
               00004 ; This file generated Tue Apr 14 19:33:59 2009
               00005 ;--------------------------------------------------------
               00006 ; PIC16 port for the Microchip 16-bit core micros
               00007 ;--------------------------------------------------------
               00008         list    p=18f4550
               00009 
               00010         radix dec
               00011 
               00012 ;--------------------------------------------------------
               00013 ; public variables in this module
               00014 ;--------------------------------------------------------
               00015         global _stack
               00016         global _stack_end
               00017         global _init_boot
               00018         global _main
               00019 
               00020 ;--------------------------------------------------------
               00021 ; extern variables in this module
               00022 ;--------------------------------------------------------
               00023         extern _SPPDATAbits
               00024         extern _SPPCFGbits
               00025         extern _SPPEPSbits
               00026         extern _SPPCONbits
               00027         extern _UFRMLbits
               00028         extern _UFRMHbits
               00029         extern _UIRbits
               00030         extern _UIEbits
               00031         extern _UEIRbits
               00032         extern _UEIEbits
               00033         extern _USTATbits
               00034         extern _UCONbits
               00035         extern _UADDRbits
               00036         extern _UCFGbits
               00037         extern _UEP0bits
               00038         extern _UEP1bits
               00039         extern _UEP2bits
               00040         extern _UEP3bits
               00041         extern _UEP4bits
               00042         extern _UEP5bits
               00043         extern _UEP6bits
               00044         extern _UEP7bits
               00045         extern _UEP8bits
               00046         extern _UEP9bits
               00047         extern _UEP10bits
               00048         extern _UEP11bits
               00049         extern _UEP12bits
               00050         extern _UEP13bits
               00051         extern _UEP14bits
               00052         extern _UEP15bits
               00053         extern _PORTAbits
               00054         extern _PORTBbits
gpasm-0.13.4 beta               boot_main.asm4-14-2009  19:33:59          PAGE  2


LOC  OBJECT CODE     LINE SOURCE TEXT
  VALUE
 
               00055         extern _PORTCbits
               00056         extern _PORTDbits
               00057         extern _PORTEbits
               00058         extern _LATAbits
               00059         extern _LATBbits
               00060         extern _LATCbits
               00061         extern _LATDbits
               00062         extern _LATEbits
               00063         extern _TRISAbits
               00064         extern _TRISBbits
               00065         extern _TRISCbits
               00066         extern _TRISDbits
               00067         extern _TRISEbits
               00068         extern _OSCTUNEbits
               00069         extern _PIE1bits
               00070         extern _PIR1bits
               00071         extern _IPR1bits
               00072         extern _PIE2bits
               00073         extern _PIR2bits
               00074         extern _IPR2bits
               00075         extern _EECON1bits
               00076         extern _RCSTAbits
               00077         extern _TXSTAbits
               00078         extern _T3CONbits
               00079         extern _CMCONbits
               00080         extern _CVRCONbits
               00081         extern _ECCP1ASbits
               00082         extern _ECCP1DELbits
               00083         extern _BAUDCONbits
               00084         extern _CCP2CONbits
               00085         extern _CCP1CONbits
               00086         extern _ADCON2bits
               00087         extern _ADCON1bits
               00088         extern _ADCON0bits
               00089         extern _SSPCON2bits
               00090         extern _SSPCON1bits
               00091         extern _SSPSTATbits
               00092         extern _T2CONbits
               00093         extern _T1CONbits
               00094         extern _RCONbits
               00095         extern _WDTCONbits
               00096         extern _HLVDCONbits
               00097         extern _OSCCONbits
               00098         extern _T0CONbits
               00099         extern _STATUSbits
               00100         extern _FSR2Hbits
               00101         extern _BSRbits
               00102         extern _FSR1Hbits
               00103         extern _FSR0Hbits
               00104         extern _INTCON3bits
               00105         extern _INTCON2bits
               00106         extern _INTCONbits
               00107         extern _TBLPTRUbits
               00108         extern _PCLATHbits
gpasm-0.13.4 beta               boot_main.asm4-14-2009  19:33:59          PAGE  3


LOC  OBJECT CODE     LINE SOURCE TEXT
  VALUE
 
               00109         extern _PCLATUbits
               00110         extern _STKPTRbits
               00111         extern _TOSUbits
               00112         extern _ep_bdt
               00113         extern _usb_device_state
               00114         extern _usb_active_cfg
               00115         extern _usb_active_alt_setting
               00116         extern _device_descriptor
               00117         extern _configuration_descriptor
               00118         extern _string_descriptor
               00119         extern _ep_init
               00120         extern _ep_in
               00121         extern _ep_out
               00122         extern _ep_setup
               00123         extern _SPPDATA
               00124         extern _SPPCFG
               00125         extern _SPPEPS
               00126         extern _SPPCON
               00127         extern _UFRML
               00128         extern _UFRMH
               00129         extern _UIR
               00130         extern _UIE
               00131         extern _UEIR
               00132         extern _UEIE
               00133         extern _USTAT
               00134         extern _UCON
               00135         extern _UADDR
               00136         extern _UCFG
               00137         extern _UEP0
               00138         extern _UEP1
               00139         extern _UEP2
               00140         extern _UEP3
               00141         extern _UEP4
               00142         extern _UEP5
               00143         extern _UEP6
               00144         extern _UEP7
               00145         extern _UEP8
               00146         extern _UEP9
               00147         extern _UEP10
               00148         extern _UEP11
               00149         extern _UEP12
               00150         extern _UEP13
               00151         extern _UEP14
               00152         extern _UEP15
               00153         extern _PORTA
               00154         extern _PORTB
               00155         extern _PORTC
               00156         extern _PORTD
               00157         extern _PORTE
               00158         extern _LATA
               00159         extern _LATB
               00160         extern _LATC
               00161         extern _LATD
               00162         extern _LATE
gpasm-0.13.4 beta               boot_main.asm4-14-2009  19:33:59          PAGE  4


LOC  OBJECT CODE     LINE SOURCE TEXT
  VALUE
 
               00163         extern _TRISA
               00164         extern _TRISB
               00165         extern _TRISC
               00166         extern _TRISD
               00167         extern _TRISE
               00168         extern _OSCTUNE
               00169         extern _PIE1
               00170         extern _PIR1
               00171         extern _IPR1
               00172         extern _PIE2
               00173         extern _PIR2
               00174         extern _IPR2
               00175         extern _EECON1
               00176         extern _EECON2
               00177         extern _EEDATA
               00178         extern _EEADR
               00179         extern _RCSTA
               00180         extern _TXSTA
               00181         extern _TXREG
               00182         extern _RCREG
               00183         extern _SPBRG
               00184         extern _SPBRGH
               00185         extern _T3CON
               00186         extern _TMR3L
               00187         extern _TMR3H
               00188         extern _CMCON
               00189         extern _CVRCON
               00190         extern _ECCP1AS
               00191         extern _ECCP1DEL
               00192         extern _BAUDCON
               00193         extern _CCP2CON
               00194         extern _CCPR2L
               00195         extern _CCPR2H
               00196         extern _CCP1CON
               00197         extern _CCPR1L
               00198         extern _CCPR1H
               00199         extern _ADCON2
               00200         extern _ADCON1
               00201         extern _ADCON0
               00202         extern _ADRESL
               00203         extern _ADRESH
               00204         extern _SSPCON2
               00205         extern _SSPCON1
               00206         extern _SSPSTAT
               00207         extern _SSPADD
               00208         extern _SSPBUF
               00209         extern _T2CON
               00210         extern _PR2
               00211         extern _TMR2
               00212         extern _T1CON
               00213         extern _TMR1L
               00214         extern _TMR1H
               00215         extern _RCON
               00216         extern _WDTCON
gpasm-0.13.4 beta               boot_main.asm4-14-2009  19:33:59          PAGE  5


LOC  OBJECT CODE     LINE SOURCE TEXT
  VALUE
 
               00217         extern _HLVDCON
               00218         extern _OSCCON
               00219         extern _T0CON
               00220         extern _TMR0L
               00221         extern _TMR0H
               00222         extern _STATUS
               00223         extern _FSR2L
               00224         extern _FSR2H
               00225         extern _PLUSW2
               00226         extern _PREINC2
               00227         extern _POSTDEC2
               00228         extern _POSTINC2
               00229         extern _INDF2
               00230         extern _BSR
               00231         extern _FSR1L
               00232         extern _FSR1H
               00233         extern _PLUSW1
               00234         extern _PREINC1
               00235         extern _POSTDEC1
               00236         extern _POSTINC1
               00237         extern _INDF1
               00238         extern _WREG
               00239         extern _FSR0L
               00240         extern _FSR0H
               00241         extern _PLUSW0
               00242         extern _PREINC0
               00243         extern _POSTDEC0
               00244         extern _POSTINC0
               00245         extern _INDF0
               00246         extern _INTCON3
               00247         extern _INTCON2
               00248         extern _INTCON
               00249         extern _PRODL
               00250         extern _PRODH
               00251         extern _TABLAT
               00252         extern _TBLPTRL
               00253         extern _TBLPTRH
               00254         extern _TBLPTRU
               00255         extern _PCL
               00256         extern _PCLATH
               00257         extern _PCLATU
               00258         extern _STKPTR
               00259         extern _TOSL
               00260         extern _TOSH
               00261         extern _TOSU
               00262         extern _init_usb
               00263         extern _usb_sleep
               00264         extern _dispatch_usb_event
               00265         extern _section_descriptor
               00266         extern _boot_device_descriptor
               00267         extern _boot_configuration_descriptor
               00268         extern _boot_string_descriptor
               00269         extern _str0
               00270         extern _str1
gpasm-0.13.4 beta               boot_main.asm4-14-2009  19:33:59          PAGE  6


LOC  OBJECT CODE     LINE SOURCE TEXT
  VALUE
 
               00271         extern _str2
               00272         extern _str3
               00273         extern _boot_ep_init
               00274         extern _boot_ep_in
               00275         extern _boot_ep_out
               00276         extern _boot_ep_setup
               00277         extern _application_data
               00278 ;--------------------------------------------------------
               00279 ;       Equates to used internal registers
               00280 ;--------------------------------------------------------
  00000FD8     00281 STATUS  equ     0xfd8
  00000FF9     00282 PCL     equ     0xff9
  00000FFA     00283 PCLATH  equ     0xffa
  00000FFB     00284 PCLATU  equ     0xffb
  00000FF2     00285 INTCON  equ     0xff2
  00000FFD     00286 TOSL    equ     0xffd
  00000FFE     00287 TOSH    equ     0xffe
  00000FFF     00288 TOSU    equ     0xfff
  00000FF6     00289 TBLPTRL equ     0xff6
  00000FF7     00290 TBLPTRH equ     0xff7
  00000FF8     00291 TBLPTRU equ     0xff8
  00000FF5     00292 TABLAT  equ     0xff5
  00000FE1     00293 FSR1L   equ     0xfe1
  00000FD9     00294 FSR2L   equ     0xfd9
  00000FE5     00295 POSTDEC1        equ     0xfe5
  00000FE4     00296 PREINC1 equ     0xfe4
               00297 
               00298 
               00299 ; Internal registers
               00300 .registers      udata_ovr       0x0000
               00301 r0x00   res     1
               00302 r0x01   res     1
               00303 r0x02   res     1
               00304 
               00305 udata_boot_main_0       udata
               00306 _init_boot_count_1_1    res     4
               00307 
               00308 
               00309 ustat_boot_main_00      udata   0X0200
               00310 _stack  res     254
               00311 _stack_end      res     1
               00312 
               00313 ;--------------------------------------------------------
               00314 ; interrupt vector 
               00315 ;--------------------------------------------------------
               00316 
               00317 ;--------------------------------------------------------
               00318 ; global & static initialisations
               00319 ;--------------------------------------------------------
               00320 ; I code from now on!
               00321 ; ; Starting pCode block
               00322 S_boot_main__main       code
0000           00323 _main:
               00324 ;       .line   84; boot_main.c init_boot();
gpasm-0.13.4 beta               boot_main.asm4-14-2009  19:33:59          PAGE  7


LOC  OBJECT CODE     LINE SOURCE TEXT
  VALUE
 
0000 EC00 F000 00325         CALL    _init_boot
               00326 ;       .line   86; boot_main.c init_usb();
0004 EC00 F000 00327         CALL    _init_usb
0008           00328 _00119_DS_:
               00329 ;       .line   90; boot_main.c usb_sleep();
0008 EC00 F000 00330         CALL    _usb_sleep
               00331 ;       .line   91; boot_main.c dispatch_usb_event();
000C EC00 F000 00332         CALL    _dispatch_usb_event
               00333 ;       .line   92; boot_main.c if((application_data.invalid == 0) &&
0010 0E00      00334         MOVLW   LOW(_application_data)
0012 6EF6      00335         MOVWF   TBLPTRL
0014 0E00      00336         MOVLW   HIGH(_application_data)
0016 6EF7      00337         MOVWF   TBLPTRH
0018 0E00      00338         MOVLW   UPPER(_application_data)
001A 6EF8      00339         MOVWF   TBLPTRU
001C 0009      00340         TBLRD*+ 
001E CFF5 F000 00341         MOVFF   TABLAT, r0x00
0022 5000      00342         MOVF    r0x00, W
0024 E100      00343         BNZ     _00119_DS_
               00344 ;       .line   93; boot_main.c (GET_ACTIVE_CONFIGURATION() > FLASH_CONFIGURATION))
0026 0E03      00345         MOVLW   0x03
0028 5C00      00346         SUBWF   _usb_active_cfg, W
002A E300      00347         BNC     _00119_DS_
               00348 ;       .line   96; boot_main.c application_data.main();
002C 0E00      00349         MOVLW   LOW(_application_data + 22)
002E 6EF6      00350         MOVWF   TBLPTRL
0030 0E00      00351         MOVLW   HIGH(_application_data + 22)
0032 6EF7      00352         MOVWF   TBLPTRH
0034 0E00      00353         MOVLW   UPPER(_application_data + 22)
0036 6EF8      00354         MOVWF   TBLPTRU
0038 0009      00355         TBLRD*+ 
003A CFF5 F000 00356         MOVFF   TABLAT, r0x00
003E 0009      00357         TBLRD*+ 
0040 CFF5 F000 00358         MOVFF   TABLAT, r0x01
0044 0009      00359         TBLRD*+ 
0046 CFF5 F000 00360         MOVFF   TABLAT, r0x02
004A CFF2 FFE5 00361         MOVFF   INTCON, POSTDEC1
004E 9EF2      00362         BCF     INTCON, 7
0050 0005      00363         PUSH    
0052 0E00      00364         MOVLW   LOW(_00127_DS_)
0054 6EFD      00365         MOVWF   TOSL
0056 0E00      00366         MOVLW   HIGH(_00127_DS_)
0058 6EFE      00367         MOVWF   TOSH
005A 0E00      00368         MOVLW   UPPER(_00127_DS_)
005C 6EFF      00369         MOVWF   TOSU
005E 50E4      00370         MOVF    PREINC1, W
0060 6EF2      00371         MOVWF   INTCON
0062 C000 FFFB 00372         MOVFF   r0x02, PCLATU
0066 C000 FFFA 00373         MOVFF   r0x01, PCLATH
006A 5000      00374         MOVF    r0x00, W
006C 6EF9      00375         MOVWF   PCL
006E           00376 _00127_DS_:
               00377 ;       .line   98; boot_main.c INTCON = 0; // Forbid interrupts
006E 6A00      00378         CLRF    _INTCON
gpasm-0.13.4 beta               boot_main.asm4-14-2009  19:33:59          PAGE  8


LOC  OBJECT CODE     LINE SOURCE TEXT
  VALUE
 
0070 D000      00379         BRA     _00119_DS_
0072 0012      00380         RETURN  
               00381 
               00382 ; ; Starting pCode block
               00383 S_boot_main__init_boot  code
0000           00384 _init_boot:
               00385 ;       .line   33; boot_main.c void init_boot(void)
0000 C000 FFE5 00386         MOVFF   r0x00, POSTDEC1
               00387 ;       .line   37; boot_main.c ADCON1 = 0x0F;
0004 0E0F      00388         MOVLW   0x0f
0006 6E00      00389         MOVWF   _ADCON1
               00390 ;       .line   38; boot_main.c CMCON  = 0x07;
0008 0E07      00391         MOVLW   0x07
000A 6E00      00392         MOVWF   _CMCON
               00393 ;       .line   39; boot_main.c TRISA  = 0xEF;
000C 0EEF      00394         MOVLW   0xef
000E 6E00      00395         MOVWF   _TRISA
               00396 ;       .line   40; boot_main.c TRISB  = 0xFF;
0010 6800      00397         SETF    _TRISB
               00398 ;       .line   41; boot_main.c PORTA  = 0x10;
0012 0E10      00399         MOVLW   0x10
0014 6E00      00400         MOVWF   _PORTA
0016 0000      00401         BANKSEL _init_boot_count_1_1
               00402 ;       .line   43; boot_main.c count = 0x80000;
0018 6B00      00403         CLRF    _init_boot_count_1_1, B
               00404 ; removed redundant BANKSEL
001A 6B00      00405         CLRF    (_init_boot_count_1_1 + 1), B
001C 0E08      00406         MOVLW   0x08
               00407 ; removed redundant BANKSEL
001E 6F00      00408         MOVWF   (_init_boot_count_1_1 + 2), B
               00409 ; removed redundant BANKSEL
0020 6B00      00410         CLRF    (_init_boot_count_1_1 + 3), B
0022           00411 _00105_DS_:
0022 0000      00412         BANKSEL _init_boot_count_1_1
               00413 ;       .line   44; boot_main.c while(count)
0024 5100      00414         MOVF    _init_boot_count_1_1, W, B
               00415 ; removed redundant BANKSEL
0026 1100      00416         IORWF   (_init_boot_count_1_1 + 1), W, B
               00417 ; removed redundant BANKSEL
0028 1100      00418         IORWF   (_init_boot_count_1_1 + 2), W, B
               00419 ; removed redundant BANKSEL
002A 1100      00420         IORWF   (_init_boot_count_1_1 + 3), W, B
002C E000      00421         BZ      _00107_DS_
               00422 ;       .line   46; boot_main.c count--;
002E 0EFF      00423         MOVLW   0xff
               00424 ; removed redundant BANKSEL
0030 2700      00425         ADDWF   _init_boot_count_1_1, F, B
               00426 ; removed redundant BANKSEL
0032 2300      00427         ADDWFC  (_init_boot_count_1_1 + 1), F, B
               00428 ; removed redundant BANKSEL
0034 2300      00429         ADDWFC  (_init_boot_count_1_1 + 2), F, B
               00430 ; removed redundant BANKSEL
0036 2300      00431         ADDWFC  (_init_boot_count_1_1 + 3), F, B
0038 D000      00432         BRA     _00105_DS_
gpasm-0.13.4 beta               boot_main.asm4-14-2009  19:33:59          PAGE  9


LOC  OBJECT CODE     LINE SOURCE TEXT
  VALUE
 
003A           00433 _00107_DS_:
               00434 ;       .line   49; boot_main.c PORTA  = 0x00;
003A 6A00      00435         CLRF    _PORTA
               00436 ;       .line   52; boot_main.c if((application_data.invalid == 0) && !PORTBbits.RB7)
003C 0E00      00437         MOVLW   LOW(_application_data)
003E 6EF6      00438         MOVWF   TBLPTRL
0040 0E00      00439         MOVLW   HIGH(_application_data)
0042 6EF7      00440         MOVWF   TBLPTRH
0044 0E00      00441         MOVLW   UPPER(_application_data)
0046 6EF8      00442         MOVWF   TBLPTRU
0048 0009      00443         TBLRD*+ 
004A CFF5 F000 00444         MOVFF   TABLAT, r0x00
004E 5000      00445         MOVF    r0x00, W
0050 E100      00446         BNZ     _00109_DS_
0052 BE00      00447         BTFSC   _PORTBbits, 7
0054 D000      00448         BRA     _00109_DS_
               00449 ;       .line   56; boot_main.c device_descriptor        = application_data.device_descriptor;
0056 0E00      00450         MOVLW   LOW(_application_data + 1)
0058 6EF6      00451         MOVWF   TBLPTRL
005A 0E00      00452         MOVLW   HIGH(_application_data + 1)
005C 6EF7      00453         MOVWF   TBLPTRH
005E 0E00      00454         MOVLW   UPPER(_application_data + 1)
0060 6EF8      00455         MOVWF   TBLPTRU
0062 0009      00456         TBLRD*+ 
0064 CFF5 F000 00457         MOVFF   TABLAT, _device_descriptor
0068 0009      00458         TBLRD*+ 
006A CFF5 F000 00459         MOVFF   TABLAT, (_device_descriptor + 1)
006E 0009      00460         TBLRD*+ 
0070 CFF5 F000 00461         MOVFF   TABLAT, (_device_descriptor + 2)
               00462 ;       .line   57; boot_main.c configuration_descriptor = application_data.configuration_descriptor;
0074 0E00      00463         MOVLW   LOW(_application_data + 4)
0076 6EF6      00464         MOVWF   TBLPTRL
0078 0E00      00465         MOVLW   HIGH(_application_data + 4)
007A 6EF7      00466         MOVWF   TBLPTRH
007C 0E00      00467         MOVLW   UPPER(_application_data + 4)
007E 6EF8      00468         MOVWF   TBLPTRU
0080 0009      00469         TBLRD*+ 
0082 CFF5 F000 00470         MOVFF   TABLAT, _configuration_descriptor
0086 0009      00471         TBLRD*+ 
0088 CFF5 F000 00472         MOVFF   TABLAT, (_configuration_descriptor + 1)
008C 0009      00473         TBLRD*+ 
008E CFF5 F000 00474         MOVFF   TABLAT, (_configuration_descriptor + 2)
               00475 ;       .line   58; boot_main.c string_descriptor        = application_data.string_descriptor;
0092 0E00      00476         MOVLW   LOW(_application_data + 7)
0094 6EF6      00477         MOVWF   TBLPTRL
0096 0E00      00478         MOVLW   HIGH(_application_data + 7)
0098 6EF7      00479         MOVWF   TBLPTRH
009A 0E00      00480         MOVLW   UPPER(_application_data + 7)
009C 6EF8      00481         MOVWF   TBLPTRU
009E 0009      00482         TBLRD*+ 
00A0 CFF5 F000 00483         MOVFF   TABLAT, _string_descriptor
00A4 0009      00484         TBLRD*+ 
00A6 CFF5 F000 00485         MOVFF   TABLAT, (_string_descriptor + 1)
00AA 0009      00486         TBLRD*+ 
gpasm-0.13.4 beta               boot_main.asm4-14-2009  19:33:59          PAGE 10


LOC  OBJECT CODE     LINE SOURCE TEXT
  VALUE
 
00AC CFF5 F000 00487         MOVFF   TABLAT, (_string_descriptor + 2)
00B0 D000      00488         BRA     _00110_DS_
00B2           00489 _00109_DS_:
               00490 ;       .line   64; boot_main.c device_descriptor        = &boot_device_descriptor;
00B2 0E00      00491         MOVLW   LOW(_boot_device_descriptor)
00B4 0000      00492         BANKSEL _device_descriptor
00B6 6F00      00493         MOVWF   _device_descriptor, B
00B8 0E00      00494         MOVLW   HIGH(_boot_device_descriptor)
               00495 ; removed redundant BANKSEL
00BA 6F00      00496         MOVWF   (_device_descriptor + 1), B
00BC 0E00      00497         MOVLW   UPPER(_boot_device_descriptor)
               00498 ; removed redundant BANKSEL
00BE 6F00      00499         MOVWF   (_device_descriptor + 2), B
               00500 ;       .line   65; boot_main.c configuration_descriptor = boot_configuration_descriptor;
00C0 0E00      00501         MOVLW   LOW(_boot_configuration_descriptor)
00C2 0000      00502         BANKSEL _configuration_descriptor
00C4 6F00      00503         MOVWF   _configuration_descriptor, B
00C6 0E00      00504         MOVLW   HIGH(_boot_configuration_descriptor)
               00505 ; removed redundant BANKSEL
00C8 6F00      00506         MOVWF   (_configuration_descriptor + 1), B
00CA 0E00      00507         MOVLW   UPPER(_boot_configuration_descriptor)
               00508 ; removed redundant BANKSEL
00CC 6F00      00509         MOVWF   (_configuration_descriptor + 2), B
               00510 ;       .line   66; boot_main.c string_descriptor        = boot_string_descriptor;
00CE 0E00      00511         MOVLW   LOW(_boot_string_descriptor)
00D0 0000      00512         BANKSEL _string_descriptor
00D2 6F00      00513         MOVWF   _string_descriptor, B
00D4 0E00      00514         MOVLW   HIGH(_boot_string_descriptor)
               00515 ; removed redundant BANKSEL
00D6 6F00      00516         MOVWF   (_string_descriptor + 1), B
00D8 0E00      00517         MOVLW   UPPER(_boot_string_descriptor)
               00518 ; removed redundant BANKSEL
00DA 6F00      00519         MOVWF   (_string_descriptor + 2), B
00DC           00520 _00110_DS_:
               00521 ;       .line   73; boot_main.c ep_init  = boot_ep_init;
00DC 0E00      00522         MOVLW   LOW(_boot_ep_init)
00DE 0000      00523         BANKSEL _ep_init
00E0 6F00      00524         MOVWF   _ep_init, B
00E2 0E00      00525         MOVLW   HIGH(_boot_ep_init)
               00526 ; removed redundant BANKSEL
00E4 6F00      00527         MOVWF   (_ep_init + 1), B
00E6 0E00      00528         MOVLW   UPPER(_boot_ep_init)
               00529 ; removed redundant BANKSEL
00E8 6F00      00530         MOVWF   (_ep_init + 2), B
               00531 ;       .line   74; boot_main.c ep_in    = boot_ep_in;
00EA 0E00      00532         MOVLW   LOW(_boot_ep_in)
00EC 0000      00533         BANKSEL _ep_in
00EE 6F00      00534         MOVWF   _ep_in, B
00F0 0E00      00535         MOVLW   HIGH(_boot_ep_in)
               00536 ; removed redundant BANKSEL
00F2 6F00      00537         MOVWF   (_ep_in + 1), B
00F4 0E00      00538         MOVLW   UPPER(_boot_ep_in)
               00539 ; removed redundant BANKSEL
00F6 6F00      00540         MOVWF   (_ep_in + 2), B
gpasm-0.13.4 beta               boot_main.asm4-14-2009  19:33:59          PAGE 11


LOC  OBJECT CODE     LINE SOURCE TEXT
  VALUE
 
               00541 ;       .line   75; boot_main.c ep_out   = boot_ep_out;
00F8 0E00      00542         MOVLW   LOW(_boot_ep_out)
00FA 0000      00543         BANKSEL _ep_out
00FC 6F00      00544         MOVWF   _ep_out, B
00FE 0E00      00545         MOVLW   HIGH(_boot_ep_out)
               00546 ; removed redundant BANKSEL
0100 6F00      00547         MOVWF   (_ep_out + 1), B
0102 0E00      00548         MOVLW   UPPER(_boot_ep_out)
               00549 ; removed redundant BANKSEL
0104 6F00      00550         MOVWF   (_ep_out + 2), B
               00551 ;       .line   76; boot_main.c ep_setup = boot_ep_setup;
0106 0E00      00552         MOVLW   LOW(_boot_ep_setup)
0108 0000      00553         BANKSEL _ep_setup
010A 6F00      00554         MOVWF   _ep_setup, B
010C 0E00      00555         MOVLW   HIGH(_boot_ep_setup)
               00556 ; removed redundant BANKSEL
010E 6F00      00557         MOVWF   (_ep_setup + 1), B
0110 0E00      00558         MOVLW   UPPER(_boot_ep_setup)
               00559 ; removed redundant BANKSEL
0112 6F00      00560         MOVWF   (_ep_setup + 2), B
0114 CFE4 F000 00561         MOVFF   PREINC1, r0x00
0118 0012      00562         RETURN  
               00563 
               00564 
               00565 
               00566 ; Statistics:
               00567 ; code size:      398 (0x018e) bytes ( 0.30%)
               00568 ;                 199 (0x00c7) words
               00569 ; udata size:     259 (0x0103) bytes (14.45%)
               00570 ; access size:      3 (0x0003) bytes
               00571 
               00572 
gpasm-0.13.4 beta               boot_main.asm4-14-2009  19:33:59          PAGE 12


SYMBOL TABLE
  LABEL                             VALUE 

FSR1L                             00000FE1
FSR2L                             00000FD9
INTCON                            00000FF2
PCL                               00000FF9
PCLATH                            00000FFA
PCLATU                            00000FFB
POSTDEC1                          00000FE5
PREINC1                           00000FE4
STATUS                            00000FD8
TABLAT                            00000FF5
TBLPTRH                           00000FF7
TBLPTRL                           00000FF6
TBLPTRU                           00000FF8
TOSH                              00000FFE
TOSL                              00000FFD
TOSU                              00000FFF
_00105_DS_                        00000022
_00107_DS_                        0000003A
_00109_DS_                        000000B2
_00110_DS_                        000000DC
_00119_DS_                        00000008
_00127_DS_                        0000006E
_ADCON0                           00000000
_ADCON0bits                       00000000
_ADCON1                           00000000
_ADCON1bits                       00000000
_ADCON2                           00000000
_ADCON2bits                       00000000
_ADRESH                           00000000
_ADRESL                           00000000
_BAUDCON                          00000000
_BAUDCONbits                      00000000
_BSR                              00000000
_BSRbits                          00000000
_CCP1CON                          00000000
_CCP1CONbits                      00000000
_CCP2CON                          00000000
_CCP2CONbits                      00000000
_CCPR1H                           00000000
_CCPR1L                           00000000
_CCPR2H                           00000000
_CCPR2L                           00000000
_CMCON                            00000000
_CMCONbits                        00000000
_CVRCON                           00000000
_CVRCONbits                       00000000
_ECCP1AS                          00000000
_ECCP1ASbits                      00000000
_ECCP1DEL                         00000000
_ECCP1DELbits                     00000000
_EEADR                            00000000
_EECON1                           00000000
_EECON1bits                       00000000
gpasm-0.13.4 beta               boot_main.asm4-14-2009  19:33:59          PAGE 13


LOC  OBJECT CODE     LINE SOURCE TEXT
  VALUE
 
_EECON2                           00000000
_EEDATA                           00000000
_FSR0H                            00000000
_FSR0Hbits                        00000000
_FSR0L                            00000000
_FSR1H                            00000000
_FSR1Hbits                        00000000
_FSR1L                            00000000
_FSR2H                            00000000
_FSR2Hbits                        00000000
_FSR2L                            00000000
_HLVDCON                          00000000
_HLVDCONbits                      00000000
_INDF0                            00000000
_INDF1                            00000000
_INDF2                            00000000
_INTCON                           00000000
_INTCON2                          00000000
_INTCON2bits                      00000000
_INTCON3                          00000000
_INTCON3bits                      00000000
_INTCONbits                       00000000
_IPR1                             00000000
_IPR1bits                         00000000
_IPR2                             00000000
_IPR2bits                         00000000
_LATA                             00000000
_LATAbits                         00000000
_LATB                             00000000
_LATBbits                         00000000
_LATC                             00000000
_LATCbits                         00000000
_LATD                             00000000
_LATDbits                         00000000
_LATE                             00000000
_LATEbits                         00000000
_OSCCON                           00000000
_OSCCONbits                       00000000
_OSCTUNE                          00000000
_OSCTUNEbits                      00000000
_PCL                              00000000
_PCLATH                           00000000
_PCLATHbits                       00000000
_PCLATU                           00000000
_PCLATUbits                       00000000
_PIE1                             00000000
_PIE1bits                         00000000
_PIE2                             00000000
_PIE2bits                         00000000
_PIR1                             00000000
_PIR1bits                         00000000
_PIR2                             00000000
_PIR2bits                         00000000
_PLUSW0                           00000000
gpasm-0.13.4 beta               boot_main.asm4-14-2009  19:33:59          PAGE 14


LOC  OBJECT CODE     LINE SOURCE TEXT
  VALUE
 
_PLUSW1                           00000000
_PLUSW2                           00000000
_PORTA                            00000000
_PORTAbits                        00000000
_PORTB                            00000000
_PORTBbits                        00000000
_PORTC                            00000000
_PORTCbits                        00000000
_PORTD                            00000000
_PORTDbits                        00000000
_PORTE                            00000000
_PORTEbits                        00000000
_POSTDEC0                         00000000
_POSTDEC1                         00000000
_POSTDEC2                         00000000
_POSTINC0                         00000000
_POSTINC1                         00000000
_POSTINC2                         00000000
_PR2                              00000000
_PREINC0                          00000000
_PREINC1                          00000000
_PREINC2                          00000000
_PRODH                            00000000
_PRODL                            00000000
_RCON                             00000000
_RCONbits                         00000000
_RCREG                            00000000
_RCSTA                            00000000
_RCSTAbits                        00000000
_SPBRG                            00000000
_SPBRGH                           00000000
_SPPCFG                           00000000
_SPPCFGbits                       00000000
_SPPCON                           00000000
_SPPCONbits                       00000000
_SPPDATA                          00000000
_SPPDATAbits                      00000000
_SPPEPS                           00000000
_SPPEPSbits                       00000000
_SSPADD                           00000000
_SSPBUF                           00000000
_SSPCON1                          00000000
_SSPCON1bits                      00000000
_SSPCON2                          00000000
_SSPCON2bits                      00000000
_SSPSTAT                          00000000
_SSPSTATbits                      00000000
_STATUS                           00000000
_STATUSbits                       00000000
_STKPTR                           00000000
_STKPTRbits                       00000000
_T0CON                            00000000
_T0CONbits                        00000000
_T1CON                            00000000
gpasm-0.13.4 beta               boot_main.asm4-14-2009  19:33:59          PAGE 15


LOC  OBJECT CODE     LINE SOURCE TEXT
  VALUE
 
_T1CONbits                        00000000
_T2CON                            00000000
_T2CONbits                        00000000
_T3CON                            00000000
_T3CONbits                        00000000
_TABLAT                           00000000
_TBLPTRH                          00000000
_TBLPTRL                          00000000
_TBLPTRU                          00000000
_TBLPTRUbits                      00000000
_TMR0H                            00000000
_TMR0L                            00000000
_TMR1H                            00000000
_TMR1L                            00000000
_TMR2                             00000000
_TMR3H                            00000000
_TMR3L                            00000000
_TOSH                             00000000
_TOSL                             00000000
_TOSU                             00000000
_TOSUbits                         00000000
_TRISA                            00000000
_TRISAbits                        00000000
_TRISB                            00000000
_TRISBbits                        00000000
_TRISC                            00000000
_TRISCbits                        00000000
_TRISD                            00000000
_TRISDbits                        00000000
_TRISE                            00000000
_TRISEbits                        00000000
_TXREG                            00000000
_TXSTA                            00000000
_TXSTAbits                        00000000
_UADDR                            00000000
_UADDRbits                        00000000
_UCFG                             00000000
_UCFGbits                         00000000
_UCON                             00000000
_UCONbits                         00000000
_UEIE                             00000000
_UEIEbits                         00000000
_UEIR                             00000000
_UEIRbits                         00000000
_UEP0                             00000000
_UEP0bits                         00000000
_UEP1                             00000000
_UEP10                            00000000
_UEP10bits                        00000000
_UEP11                            00000000
_UEP11bits                        00000000
_UEP12                            00000000
_UEP12bits                        00000000
_UEP13                            00000000
gpasm-0.13.4 beta               boot_main.asm4-14-2009  19:33:59          PAGE 16


LOC  OBJECT CODE     LINE SOURCE TEXT
  VALUE
 
_UEP13bits                        00000000
_UEP14                            00000000
_UEP14bits                        00000000
_UEP15                            00000000
_UEP15bits                        00000000
_UEP1bits                         00000000
_UEP2                             00000000
_UEP2bits                         00000000
_UEP3                             00000000
_UEP3bits                         00000000
_UEP4                             00000000
_UEP4bits                         00000000
_UEP5                             00000000
_UEP5bits                         00000000
_UEP6                             00000000
_UEP6bits                         00000000
_UEP7                             00000000
_UEP7bits                         00000000
_UEP8                             00000000
_UEP8bits                         00000000
_UEP9                             00000000
_UEP9bits                         00000000
_UFRMH                            00000000
_UFRMHbits                        00000000
_UFRML                            00000000
_UFRMLbits                        00000000
_UIE                              00000000
_UIEbits                          00000000
_UIR                              00000000
_UIRbits                          00000000
_USTAT                            00000000
_USTATbits                        00000000
_WDTCON                           00000000
_WDTCONbits                       00000000
_WREG                             00000000
__18F4550                         00000001
_application_data                 00000000
_boot_configuration_descriptor    00000000
_boot_device_descriptor           00000000
_boot_ep_in                       00000000
_boot_ep_init                     00000000
_boot_ep_out                      00000000
_boot_ep_setup                    00000000
_boot_string_descriptor           00000000
_configuration_descriptor         00000000
_device_descriptor                00000000
_dispatch_usb_event               00000000
_ep_bdt                           00000000
_ep_in                            00000000
_ep_init                          00000000
_ep_out                           00000000
_ep_setup                         00000000
_init_boot                        00000000
_init_boot_count_1_1              00000000
gpasm-0.13.4 beta               boot_main.asm4-14-2009  19:33:59          PAGE 17


LOC  OBJECT CODE     LINE SOURCE TEXT
  VALUE
 
_init_usb                         00000000
_main                             00000000
_section_descriptor               00000000
_stack                            00000200
_stack_end                        000002FE
_str0                             00000000
_str1                             00000000
_str2                             00000000
_str3                             00000000
_string_descriptor                00000000
_usb_active_alt_setting           00000000
_usb_active_cfg                   00000000
_usb_device_state                 00000000
_usb_sleep                        00000000
r0x00                             00000000
r0x01                             00000001
r0x02                             00000002


Errors   :       0
Warnings :       0 reported,       0 suppressed
Messages :       0 reported,       0 suppressed

