gpasm-0.13.4 beta               ep2.asm     4-14-2009  19:33:59          PAGE  1


LOC  OBJECT CODE     LINE SOURCE TEXT
  VALUE
 
               00001 ;--------------------------------------------------------
               00002 ; File Created by SDCC : FreeWare ANSI-C Compiler
               00003 ; Version 2.6.1 #4482 (Mar 15 2009)
               00004 ; This file generated Tue Apr 14 19:33:59 2009
               00005 ;--------------------------------------------------------
               00006 ; PIC16 port for the Microchip 16-bit core micros
               00007 ;--------------------------------------------------------
               00008         list    p=18f4550
               00009 
               00010         radix dec
               00011 
               00012 ;--------------------------------------------------------
               00013 ; public variables in this module
               00014 ;--------------------------------------------------------
               00015         global _ep2_init
               00016         global _prepare_ep2_in
               00017         global _ep2_in
               00018 
               00019 ;--------------------------------------------------------
               00020 ; extern variables in this module
               00021 ;--------------------------------------------------------
               00022         extern _ep_bdt
               00023         extern _usb_device_state
               00024         extern _usb_active_cfg
               00025         extern _usb_active_alt_setting
               00026         extern _device_descriptor
               00027         extern _configuration_descriptor
               00028         extern _string_descriptor
               00029         extern _ep_init
               00030         extern _ep_in
               00031         extern _ep_out
               00032         extern _ep_setup
               00033         extern _ep2_num_bytes_to_send
               00034         extern _ep2_source_data
               00035         extern _SPPDATAbits
               00036         extern _SPPCFGbits
               00037         extern _SPPEPSbits
               00038         extern _SPPCONbits
               00039         extern _UFRMLbits
               00040         extern _UFRMHbits
               00041         extern _UIRbits
               00042         extern _UIEbits
               00043         extern _UEIRbits
               00044         extern _UEIEbits
               00045         extern _USTATbits
               00046         extern _UCONbits
               00047         extern _UADDRbits
               00048         extern _UCFGbits
               00049         extern _UEP0bits
               00050         extern _UEP1bits
               00051         extern _UEP2bits
               00052         extern _UEP3bits
               00053         extern _UEP4bits
               00054         extern _UEP5bits
gpasm-0.13.4 beta               ep2.asm     4-14-2009  19:33:59          PAGE  2


LOC  OBJECT CODE     LINE SOURCE TEXT
  VALUE
 
               00055         extern _UEP6bits
               00056         extern _UEP7bits
               00057         extern _UEP8bits
               00058         extern _UEP9bits
               00059         extern _UEP10bits
               00060         extern _UEP11bits
               00061         extern _UEP12bits
               00062         extern _UEP13bits
               00063         extern _UEP14bits
               00064         extern _UEP15bits
               00065         extern _PORTAbits
               00066         extern _PORTBbits
               00067         extern _PORTCbits
               00068         extern _PORTDbits
               00069         extern _PORTEbits
               00070         extern _LATAbits
               00071         extern _LATBbits
               00072         extern _LATCbits
               00073         extern _LATDbits
               00074         extern _LATEbits
               00075         extern _TRISAbits
               00076         extern _TRISBbits
               00077         extern _TRISCbits
               00078         extern _TRISDbits
               00079         extern _TRISEbits
               00080         extern _OSCTUNEbits
               00081         extern _PIE1bits
               00082         extern _PIR1bits
               00083         extern _IPR1bits
               00084         extern _PIE2bits
               00085         extern _PIR2bits
               00086         extern _IPR2bits
               00087         extern _EECON1bits
               00088         extern _RCSTAbits
               00089         extern _TXSTAbits
               00090         extern _T3CONbits
               00091         extern _CMCONbits
               00092         extern _CVRCONbits
               00093         extern _ECCP1ASbits
               00094         extern _ECCP1DELbits
               00095         extern _BAUDCONbits
               00096         extern _CCP2CONbits
               00097         extern _CCP1CONbits
               00098         extern _ADCON2bits
               00099         extern _ADCON1bits
               00100         extern _ADCON0bits
               00101         extern _SSPCON2bits
               00102         extern _SSPCON1bits
               00103         extern _SSPSTATbits
               00104         extern _T2CONbits
               00105         extern _T1CONbits
               00106         extern _RCONbits
               00107         extern _WDTCONbits
               00108         extern _HLVDCONbits
gpasm-0.13.4 beta               ep2.asm     4-14-2009  19:33:59          PAGE  3


LOC  OBJECT CODE     LINE SOURCE TEXT
  VALUE
 
               00109         extern _OSCCONbits
               00110         extern _T0CONbits
               00111         extern _STATUSbits
               00112         extern _FSR2Hbits
               00113         extern _BSRbits
               00114         extern _FSR1Hbits
               00115         extern _FSR0Hbits
               00116         extern _INTCON3bits
               00117         extern _INTCON2bits
               00118         extern _INTCONbits
               00119         extern _TBLPTRUbits
               00120         extern _PCLATHbits
               00121         extern _PCLATUbits
               00122         extern _STKPTRbits
               00123         extern _TOSUbits
               00124         extern _SPPDATA
               00125         extern _SPPCFG
               00126         extern _SPPEPS
               00127         extern _SPPCON
               00128         extern _UFRML
               00129         extern _UFRMH
               00130         extern _UIR
               00131         extern _UIE
               00132         extern _UEIR
               00133         extern _UEIE
               00134         extern _USTAT
               00135         extern _UCON
               00136         extern _UADDR
               00137         extern _UCFG
               00138         extern _UEP0
               00139         extern _UEP1
               00140         extern _UEP2
               00141         extern _UEP3
               00142         extern _UEP4
               00143         extern _UEP5
               00144         extern _UEP6
               00145         extern _UEP7
               00146         extern _UEP8
               00147         extern _UEP9
               00148         extern _UEP10
               00149         extern _UEP11
               00150         extern _UEP12
               00151         extern _UEP13
               00152         extern _UEP14
               00153         extern _UEP15
               00154         extern _PORTA
               00155         extern _PORTB
               00156         extern _PORTC
               00157         extern _PORTD
               00158         extern _PORTE
               00159         extern _LATA
               00160         extern _LATB
               00161         extern _LATC
               00162         extern _LATD
gpasm-0.13.4 beta               ep2.asm     4-14-2009  19:33:59          PAGE  4


LOC  OBJECT CODE     LINE SOURCE TEXT
  VALUE
 
               00163         extern _LATE
               00164         extern _TRISA
               00165         extern _TRISB
               00166         extern _TRISC
               00167         extern _TRISD
               00168         extern _TRISE
               00169         extern _OSCTUNE
               00170         extern _PIE1
               00171         extern _PIR1
               00172         extern _IPR1
               00173         extern _PIE2
               00174         extern _PIR2
               00175         extern _IPR2
               00176         extern _EECON1
               00177         extern _EECON2
               00178         extern _EEDATA
               00179         extern _EEADR
               00180         extern _RCSTA
               00181         extern _TXSTA
               00182         extern _TXREG
               00183         extern _RCREG
               00184         extern _SPBRG
               00185         extern _SPBRGH
               00186         extern _T3CON
               00187         extern _TMR3L
               00188         extern _TMR3H
               00189         extern _CMCON
               00190         extern _CVRCON
               00191         extern _ECCP1AS
               00192         extern _ECCP1DEL
               00193         extern _BAUDCON
               00194         extern _CCP2CON
               00195         extern _CCPR2L
               00196         extern _CCPR2H
               00197         extern _CCP1CON
               00198         extern _CCPR1L
               00199         extern _CCPR1H
               00200         extern _ADCON2
               00201         extern _ADCON1
               00202         extern _ADCON0
               00203         extern _ADRESL
               00204         extern _ADRESH
               00205         extern _SSPCON2
               00206         extern _SSPCON1
               00207         extern _SSPSTAT
               00208         extern _SSPADD
               00209         extern _SSPBUF
               00210         extern _T2CON
               00211         extern _PR2
               00212         extern _TMR2
               00213         extern _T1CON
               00214         extern _TMR1L
               00215         extern _TMR1H
               00216         extern _RCON
gpasm-0.13.4 beta               ep2.asm     4-14-2009  19:33:59          PAGE  5


LOC  OBJECT CODE     LINE SOURCE TEXT
  VALUE
 
               00217         extern _WDTCON
               00218         extern _HLVDCON
               00219         extern _OSCCON
               00220         extern _T0CON
               00221         extern _TMR0L
               00222         extern _TMR0H
               00223         extern _STATUS
               00224         extern _FSR2L
               00225         extern _FSR2H
               00226         extern _PLUSW2
               00227         extern _PREINC2
               00228         extern _POSTDEC2
               00229         extern _POSTINC2
               00230         extern _INDF2
               00231         extern _BSR
               00232         extern _FSR1L
               00233         extern _FSR1H
               00234         extern _PLUSW1
               00235         extern _PREINC1
               00236         extern _POSTDEC1
               00237         extern _POSTINC1
               00238         extern _INDF1
               00239         extern _WREG
               00240         extern _FSR0L
               00241         extern _FSR0H
               00242         extern _PLUSW0
               00243         extern _PREINC0
               00244         extern _POSTDEC0
               00245         extern _POSTINC0
               00246         extern _INDF0
               00247         extern _INTCON3
               00248         extern _INTCON2
               00249         extern _INTCON
               00250         extern _PRODL
               00251         extern _PRODH
               00252         extern _TABLAT
               00253         extern _TBLPTRL
               00254         extern _TBLPTRH
               00255         extern _TBLPTRU
               00256         extern _PCL
               00257         extern _PCLATH
               00258         extern _PCLATU
               00259         extern _STKPTR
               00260         extern _TOSL
               00261         extern _TOSH
               00262         extern _TOSU
               00263         extern _fill_in_buffer
               00264         extern _section_descriptor
               00265         extern _boot_device_descriptor
               00266         extern _boot_configuration_descriptor
               00267         extern _boot_string_descriptor
               00268         extern _str0
               00269         extern _str1
               00270         extern _str2
gpasm-0.13.4 beta               ep2.asm     4-14-2009  19:33:59          PAGE  6


LOC  OBJECT CODE     LINE SOURCE TEXT
  VALUE
 
               00271         extern _str3
               00272         extern _boot_ep_init
               00273         extern _boot_ep_in
               00274         extern _boot_ep_out
               00275         extern _boot_ep_setup
               00276 ;--------------------------------------------------------
               00277 ;       Equates to used internal registers
               00278 ;--------------------------------------------------------
  00000FD8     00279 STATUS  equ     0xfd8
  00000FE1     00280 FSR1L   equ     0xfe1
  00000FD9     00281 FSR2L   equ     0xfd9
  00000FE5     00282 POSTDEC1        equ     0xfe5
  00000FE4     00283 PREINC1 equ     0xfe4
               00284 
               00285 
               00286 ; Internal registers
               00287 .registers      udata_ovr       0x0000
               00288 r0x00   res     1
               00289 r0x01   res     1
               00290 r0x02   res     1
               00291 r0x03   res     1
               00292 r0x04   res     1
               00293 
               00294 udata_ep2_0     udata
               00295 _last_send_was_null     res     1
               00296 
               00297 ;--------------------------------------------------------
               00298 ; global & static initialisations
               00299 ;--------------------------------------------------------
               00300 ; I code from now on!
               00301 ; ; Starting pCode block
               00302 S_ep2__ep2_in   code
0000           00303 _ep2_in:
               00304 ;       .line   61; ep2.c       void ep2_in(void)
0000 C000 FFE5 00305         MOVFF   r0x00, POSTDEC1
0004 C000 FFE5 00306         MOVFF   r0x01, POSTDEC1
0008 C000 FFE5 00307         MOVFF   r0x02, POSTDEC1
000C C000 FFE5 00308         MOVFF   r0x03, POSTDEC1
0010 C000 FFE5 00309         MOVFF   r0x04, POSTDEC1
0014 0000      00310         BANKSEL _ep2_num_bytes_to_send
               00311 ;       .line   64; ep2.c       if((ep2_num_bytes_to_send == 0) && last_send_was_null)
0016 5100      00312         MOVF    _ep2_num_bytes_to_send, W, B
               00313 ; removed redundant BANKSEL
0018 1100      00314         IORWF   (_ep2_num_bytes_to_send + 1), W, B
001A E100      00315         BNZ     _00122_DS_
               00316 ; #     MOVF    _last_send_was_null, W, B
               00317 ; #     BTFSC   STATUS, 2
               00318 ; #     GOTO    _00122_DS_
               00319 ; #     GOTO    _00127_DS_
               00320 ; #     MOVLW   0x00
               00321 ; ;     peep 1 - test/jump to test/skip
001C 0000      00322         BANKSEL _last_send_was_null
               00323 ;       .line   68; ep2.c       return;
001E 5100      00324         MOVF    _last_send_was_null, W, B
gpasm-0.13.4 beta               ep2.asm     4-14-2009  19:33:59          PAGE  7


LOC  OBJECT CODE     LINE SOURCE TEXT
  VALUE
 
               00325 ;       .line   70; ep2.c       last_send_was_null = (ep2_num_bytes_to_send < EP2_BUFFER_SIZE);
0020 A4D8      00326         BTFSS   STATUS, 2
0022 D000      00327         BRA     _00127_DS_
0024           00328 _00122_DS_:
0024 0E00      00329         MOVLW   0x00
0026 0000      00330         BANKSEL (_ep2_num_bytes_to_send + 1)
0028 5D00      00331         SUBWF   (_ep2_num_bytes_to_send + 1), W, B
002A E100      00332         BNZ     _00133_DS_
002C 0E40      00333         MOVLW   0x40
               00334 ; removed redundant BANKSEL
002E 5D00      00335         SUBWF   _ep2_num_bytes_to_send, W, B
0030           00336 _00133_DS_:
0030 70D8      00337         BTG     STATUS, 0
0032 0000      00338         BANKSEL _last_send_was_null
0034 6B00      00339         CLRF    _last_send_was_null, B
0036 3700      00340         RLCF    _last_send_was_null, F, B
               00341 ; #     MOVF    _ep2_num_bytes_to_send, W, B
               00342 ; #     MOVWF   r0x00
               00343 ; #     MOVF    r0x00, W
               00344 ; ;     peep 9c - Removed redundant move
0038 0000      00345         BANKSEL _ep2_num_bytes_to_send
               00346 ;       .line   71; ep2.c       EP_IN_BD(2).Cnt = ep2_num_bytes_to_send;
003A 5100      00347         MOVF    _ep2_num_bytes_to_send, W, B
003C 0000      00348         BANKSEL (_ep_bdt + 21)
003E 6F00      00349         MOVWF   (_ep_bdt + 21), B
               00350 ;       .line   72; ep2.c       fill_in_buffer(2, &ep2_source_data, EP2_BUFFER_SIZE, &ep2_num_bytes_to_send);
0040 0E00      00351         MOVLW   HIGH(_ep2_source_data)
0042 6E00      00352         MOVWF   r0x01
0044 0E00      00353         MOVLW   LOW(_ep2_source_data)
0046 6E00      00354         MOVWF   r0x00
0048 0E80      00355         MOVLW   0x80
004A 6E00      00356         MOVWF   r0x02
004C 0E00      00357         MOVLW   HIGH(_ep2_num_bytes_to_send)
004E 6E00      00358         MOVWF   r0x04
0050 0E00      00359         MOVLW   LOW(_ep2_num_bytes_to_send)
0052 6E00      00360         MOVWF   r0x03
0054 0E80      00361         MOVLW   0x80
               00362 ; #     MOVWF   r0x05
               00363 ; #     MOVF    r0x05, W
               00364 ; ;     peep 2 - Removed redundant move
0056 6EE5      00365         MOVWF   POSTDEC1
0058 5000      00366         MOVF    r0x04, W
005A 6EE5      00367         MOVWF   POSTDEC1
005C 5000      00368         MOVF    r0x03, W
005E 6EE5      00369         MOVWF   POSTDEC1
0060 6AE5      00370         CLRF    POSTDEC1
0062 0E40      00371         MOVLW   0x40
0064 6EE5      00372         MOVWF   POSTDEC1
0066 5000      00373         MOVF    r0x02, W
0068 6EE5      00374         MOVWF   POSTDEC1
006A 5000      00375         MOVF    r0x01, W
006C 6EE5      00376         MOVWF   POSTDEC1
006E 5000      00377         MOVF    r0x00, W
0070 6EE5      00378         MOVWF   POSTDEC1
gpasm-0.13.4 beta               ep2.asm     4-14-2009  19:33:59          PAGE  8


LOC  OBJECT CODE     LINE SOURCE TEXT
  VALUE
 
0072 0E02      00379         MOVLW   0x02
0074 6EE5      00380         MOVWF   POSTDEC1
0076 EC00 F000 00381         CALL    _fill_in_buffer
007A 0E09      00382         MOVLW   0x09
007C 26E1      00383         ADDWF   FSR1L, F
007E 0000      00384         BANKSEL (_ep_bdt + 20)
               00385 ;       .line   73; ep2.c       if(EP_IN_BD(2).Stat.DTS == 0)
0080 BD00      00386         BTFSC   (_ep_bdt + 20), 6, B
0082 D000      00387         BRA     _00125_DS_
               00388 ;       .line   75; ep2.c       EP_IN_BD(2).Stat.uc = BDS_USIE | BDS_DAT1 | BDS_DTSEN;
0084 0EC8      00389         MOVLW   0xc8
               00390 ; removed redundant BANKSEL
0086 6F00      00391         MOVWF   (_ep_bdt + 20), B
0088 D000      00392         BRA     _00127_DS_
008A           00393 _00125_DS_:
               00394 ;       .line   79; ep2.c       EP_IN_BD(2).Stat.uc = BDS_USIE | BDS_DAT0 | BDS_DTSEN;
008A 0E88      00395         MOVLW   0x88
008C 0000      00396         BANKSEL (_ep_bdt + 20)
008E 6F00      00397         MOVWF   (_ep_bdt + 20), B
0090           00398 _00127_DS_:
0090 CFE4 F000 00399         MOVFF   PREINC1, r0x04
0094 CFE4 F000 00400         MOVFF   PREINC1, r0x03
0098 CFE4 F000 00401         MOVFF   PREINC1, r0x02
009C CFE4 F000 00402         MOVFF   PREINC1, r0x01
00A0 CFE4 F000 00403         MOVFF   PREINC1, r0x00
00A4 0012      00404         RETURN  
               00405 
               00406 ; ; Starting pCode block
               00407 S_ep2__prepare_ep2_in   code
0000           00408 _prepare_ep2_in:
               00409 ;       .line   44; ep2.c       void prepare_ep2_in(void)
0000 C000 FFE5 00410         MOVFF   r0x00, POSTDEC1
0004 C000 FFE5 00411         MOVFF   r0x01, POSTDEC1
0008 C000 FFE5 00412         MOVFF   r0x02, POSTDEC1
000C C000 FFE5 00413         MOVFF   r0x03, POSTDEC1
0010 C000 FFE5 00414         MOVFF   r0x04, POSTDEC1
               00415 ;       .line   47; ep2.c       last_send_was_null = (ep2_num_bytes_to_send < EP2_BUFFER_SIZE);
0014 0E00      00416         MOVLW   0x00
0016 0000      00417         BANKSEL (_ep2_num_bytes_to_send + 1)
0018 5D00      00418         SUBWF   (_ep2_num_bytes_to_send + 1), W, B
001A E100      00419         BNZ     _00116_DS_
001C 0E40      00420         MOVLW   0x40
               00421 ; removed redundant BANKSEL
001E 5D00      00422         SUBWF   _ep2_num_bytes_to_send, W, B
0020           00423 _00116_DS_:
0020 70D8      00424         BTG     STATUS, 0
0022 0000      00425         BANKSEL _last_send_was_null
0024 6B00      00426         CLRF    _last_send_was_null, B
0026 3700      00427         RLCF    _last_send_was_null, F, B
               00428 ; #     MOVF    _ep2_num_bytes_to_send, W, B
               00429 ; #     MOVWF   r0x00
               00430 ; #     MOVF    r0x00, W
               00431 ; ;     peep 9c - Removed redundant move
0028 0000      00432         BANKSEL _ep2_num_bytes_to_send
gpasm-0.13.4 beta               ep2.asm     4-14-2009  19:33:59          PAGE  9


LOC  OBJECT CODE     LINE SOURCE TEXT
  VALUE
 
               00433 ;       .line   48; ep2.c       EP_IN_BD(2).Cnt = ep2_num_bytes_to_send;
002A 5100      00434         MOVF    _ep2_num_bytes_to_send, W, B
002C 0000      00435         BANKSEL (_ep_bdt + 21)
002E 6F00      00436         MOVWF   (_ep_bdt + 21), B
               00437 ;       .line   49; ep2.c       EP_IN_BD(2).ADR = (uchar __data *)&ep2_InBuffer;
0030 0E40      00438         MOVLW   0x40
               00439 ; removed redundant BANKSEL
0032 6F00      00440         MOVWF   (_ep_bdt + 22), B
0034 0E05      00441         MOVLW   0x05
               00442 ; removed redundant BANKSEL
0036 6F00      00443         MOVWF   (_ep_bdt + 23), B
               00444 ;       .line   50; ep2.c       fill_in_buffer(2, &ep2_source_data, EP2_BUFFER_SIZE, &ep2_num_bytes_to_send);
0038 0E00      00445         MOVLW   HIGH(_ep2_source_data)
003A 6E00      00446         MOVWF   r0x01
003C 0E00      00447         MOVLW   LOW(_ep2_source_data)
003E 6E00      00448         MOVWF   r0x00
0040 0E80      00449         MOVLW   0x80
0042 6E00      00450         MOVWF   r0x02
0044 0E00      00451         MOVLW   HIGH(_ep2_num_bytes_to_send)
0046 6E00      00452         MOVWF   r0x04
0048 0E00      00453         MOVLW   LOW(_ep2_num_bytes_to_send)
004A 6E00      00454         MOVWF   r0x03
004C 0E80      00455         MOVLW   0x80
               00456 ; #     MOVWF   r0x05
               00457 ; #     MOVF    r0x05, W
               00458 ; ;     peep 2 - Removed redundant move
004E 6EE5      00459         MOVWF   POSTDEC1
0050 5000      00460         MOVF    r0x04, W
0052 6EE5      00461         MOVWF   POSTDEC1
0054 5000      00462         MOVF    r0x03, W
0056 6EE5      00463         MOVWF   POSTDEC1
0058 6AE5      00464         CLRF    POSTDEC1
005A 0E40      00465         MOVLW   0x40
005C 6EE5      00466         MOVWF   POSTDEC1
005E 5000      00467         MOVF    r0x02, W
0060 6EE5      00468         MOVWF   POSTDEC1
0062 5000      00469         MOVF    r0x01, W
0064 6EE5      00470         MOVWF   POSTDEC1
0066 5000      00471         MOVF    r0x00, W
0068 6EE5      00472         MOVWF   POSTDEC1
006A 0E02      00473         MOVLW   0x02
006C 6EE5      00474         MOVWF   POSTDEC1
006E EC00 F000 00475         CALL    _fill_in_buffer
0072 0E09      00476         MOVLW   0x09
0074 26E1      00477         ADDWF   FSR1L, F
0076 0000      00478         BANKSEL (_ep_bdt + 20)
               00479 ;       .line   51; ep2.c       if(EP_IN_BD(2).Stat.DTS == 0)
0078 BD00      00480         BTFSC   (_ep_bdt + 20), 6, B
007A D000      00481         BRA     _00110_DS_
               00482 ;       .line   53; ep2.c       EP_IN_BD(2).Stat.uc = BDS_USIE | BDS_DAT1 | BDS_DTSEN;
007C 0EC8      00483         MOVLW   0xc8
               00484 ; removed redundant BANKSEL
007E 6F00      00485         MOVWF   (_ep_bdt + 20), B
0080 D000      00486         BRA     _00112_DS_
gpasm-0.13.4 beta               ep2.asm     4-14-2009  19:33:59          PAGE 10


LOC  OBJECT CODE     LINE SOURCE TEXT
  VALUE
 
0082           00487 _00110_DS_:
               00488 ;       .line   57; ep2.c       EP_IN_BD(2).Stat.uc = BDS_USIE | BDS_DAT0 | BDS_DTSEN;
0082 0E88      00489         MOVLW   0x88
0084 0000      00490         BANKSEL (_ep_bdt + 20)
0086 6F00      00491         MOVWF   (_ep_bdt + 20), B
0088           00492 _00112_DS_:
0088 CFE4 F000 00493         MOVFF   PREINC1, r0x04
008C CFE4 F000 00494         MOVFF   PREINC1, r0x03
0090 CFE4 F000 00495         MOVFF   PREINC1, r0x02
0094 CFE4 F000 00496         MOVFF   PREINC1, r0x01
0098 CFE4 F000 00497         MOVFF   PREINC1, r0x00
009C 0012      00498         RETURN  
               00499 
               00500 ; ; Starting pCode block
               00501 S_ep2__ep2_init code
0000           00502 _ep2_init:
               00503 ;       .line   40; ep2.c       EP_IN_BD(2).Stat.uc = BDS_UCPU | BDS_DAT1 | BDS_DTSEN;
0000 0E48      00504         MOVLW   0x48
0002 0000      00505         BANKSEL (_ep_bdt + 20)
0004 6F00      00506         MOVWF   (_ep_bdt + 20), B
               00507 ;       .line   41; ep2.c       UEP2 = EPHSHK_EN | EPINEN_EN | EPCONDIS_EN;       // Init EP2 as an IN EP
0006 0E1A      00508         MOVLW   0x1a
0008 6E00      00509         MOVWF   _UEP2
000A 0012      00510         RETURN  
               00511 
               00512 
               00513 
               00514 ; Statistics:
               00515 ; code size:      336 (0x0150) bytes ( 0.26%)
               00516 ;                 168 (0x00a8) words
               00517 ; udata size:       1 (0x0001) bytes ( 0.06%)
               00518 ; access size:      5 (0x0005) bytes
               00519 
               00520 
gpasm-0.13.4 beta               ep2.asm     4-14-2009  19:33:59          PAGE 11


SYMBOL TABLE
  LABEL                             VALUE 

FSR1L                             00000FE1
FSR2L                             00000FD9
POSTDEC1                          00000FE5
PREINC1                           00000FE4
STATUS                            00000FD8
_00110_DS_                        00000082
_00112_DS_                        00000088
_00116_DS_                        00000020
_00122_DS_                        00000024
_00125_DS_                        0000008A
_00127_DS_                        00000090
_00133_DS_                        00000030
_ADCON0                           00000000
_ADCON0bits                       00000000
_ADCON1                           00000000
_ADCON1bits                       00000000
_ADCON2                           00000000
_ADCON2bits                       00000000
_ADRESH                           00000000
_ADRESL                           00000000
_BAUDCON                          00000000
_BAUDCONbits                      00000000
_BSR                              00000000
_BSRbits                          00000000
_CCP1CON                          00000000
_CCP1CONbits                      00000000
_CCP2CON                          00000000
_CCP2CONbits                      00000000
_CCPR1H                           00000000
_CCPR1L                           00000000
_CCPR2H                           00000000
_CCPR2L                           00000000
_CMCON                            00000000
_CMCONbits                        00000000
_CVRCON                           00000000
_CVRCONbits                       00000000
_ECCP1AS                          00000000
_ECCP1ASbits                      00000000
_ECCP1DEL                         00000000
_ECCP1DELbits                     00000000
_EEADR                            00000000
_EECON1                           00000000
_EECON1bits                       00000000
_EECON2                           00000000
_EEDATA                           00000000
_FSR0H                            00000000
_FSR0Hbits                        00000000
_FSR0L                            00000000
_FSR1H                            00000000
_FSR1Hbits                        00000000
_FSR1L                            00000000
_FSR2H                            00000000
_FSR2Hbits                        00000000
gpasm-0.13.4 beta               ep2.asm     4-14-2009  19:33:59          PAGE 12


LOC  OBJECT CODE     LINE SOURCE TEXT
  VALUE
 
_FSR2L                            00000000
_HLVDCON                          00000000
_HLVDCONbits                      00000000
_INDF0                            00000000
_INDF1                            00000000
_INDF2                            00000000
_INTCON                           00000000
_INTCON2                          00000000
_INTCON2bits                      00000000
_INTCON3                          00000000
_INTCON3bits                      00000000
_INTCONbits                       00000000
_IPR1                             00000000
_IPR1bits                         00000000
_IPR2                             00000000
_IPR2bits                         00000000
_LATA                             00000000
_LATAbits                         00000000
_LATB                             00000000
_LATBbits                         00000000
_LATC                             00000000
_LATCbits                         00000000
_LATD                             00000000
_LATDbits                         00000000
_LATE                             00000000
_LATEbits                         00000000
_OSCCON                           00000000
_OSCCONbits                       00000000
_OSCTUNE                          00000000
_OSCTUNEbits                      00000000
_PCL                              00000000
_PCLATH                           00000000
_PCLATHbits                       00000000
_PCLATU                           00000000
_PCLATUbits                       00000000
_PIE1                             00000000
_PIE1bits                         00000000
_PIE2                             00000000
_PIE2bits                         00000000
_PIR1                             00000000
_PIR1bits                         00000000
_PIR2                             00000000
_PIR2bits                         00000000
_PLUSW0                           00000000
_PLUSW1                           00000000
_PLUSW2                           00000000
_PORTA                            00000000
_PORTAbits                        00000000
_PORTB                            00000000
_PORTBbits                        00000000
_PORTC                            00000000
_PORTCbits                        00000000
_PORTD                            00000000
_PORTDbits                        00000000
gpasm-0.13.4 beta               ep2.asm     4-14-2009  19:33:59          PAGE 13


LOC  OBJECT CODE     LINE SOURCE TEXT
  VALUE
 
_PORTE                            00000000
_PORTEbits                        00000000
_POSTDEC0                         00000000
_POSTDEC1                         00000000
_POSTDEC2                         00000000
_POSTINC0                         00000000
_POSTINC1                         00000000
_POSTINC2                         00000000
_PR2                              00000000
_PREINC0                          00000000
_PREINC1                          00000000
_PREINC2                          00000000
_PRODH                            00000000
_PRODL                            00000000
_RCON                             00000000
_RCONbits                         00000000
_RCREG                            00000000
_RCSTA                            00000000
_RCSTAbits                        00000000
_SPBRG                            00000000
_SPBRGH                           00000000
_SPPCFG                           00000000
_SPPCFGbits                       00000000
_SPPCON                           00000000
_SPPCONbits                       00000000
_SPPDATA                          00000000
_SPPDATAbits                      00000000
_SPPEPS                           00000000
_SPPEPSbits                       00000000
_SSPADD                           00000000
_SSPBUF                           00000000
_SSPCON1                          00000000
_SSPCON1bits                      00000000
_SSPCON2                          00000000
_SSPCON2bits                      00000000
_SSPSTAT                          00000000
_SSPSTATbits                      00000000
_STATUS                           00000000
_STATUSbits                       00000000
_STKPTR                           00000000
_STKPTRbits                       00000000
_T0CON                            00000000
_T0CONbits                        00000000
_T1CON                            00000000
_T1CONbits                        00000000
_T2CON                            00000000
_T2CONbits                        00000000
_T3CON                            00000000
_T3CONbits                        00000000
_TABLAT                           00000000
_TBLPTRH                          00000000
_TBLPTRL                          00000000
_TBLPTRU                          00000000
_TBLPTRUbits                      00000000
gpasm-0.13.4 beta               ep2.asm     4-14-2009  19:33:59          PAGE 14


LOC  OBJECT CODE     LINE SOURCE TEXT
  VALUE
 
_TMR0H                            00000000
_TMR0L                            00000000
_TMR1H                            00000000
_TMR1L                            00000000
_TMR2                             00000000
_TMR3H                            00000000
_TMR3L                            00000000
_TOSH                             00000000
_TOSL                             00000000
_TOSU                             00000000
_TOSUbits                         00000000
_TRISA                            00000000
_TRISAbits                        00000000
_TRISB                            00000000
_TRISBbits                        00000000
_TRISC                            00000000
_TRISCbits                        00000000
_TRISD                            00000000
_TRISDbits                        00000000
_TRISE                            00000000
_TRISEbits                        00000000
_TXREG                            00000000
_TXSTA                            00000000
_TXSTAbits                        00000000
_UADDR                            00000000
_UADDRbits                        00000000
_UCFG                             00000000
_UCFGbits                         00000000
_UCON                             00000000
_UCONbits                         00000000
_UEIE                             00000000
_UEIEbits                         00000000
_UEIR                             00000000
_UEIRbits                         00000000
_UEP0                             00000000
_UEP0bits                         00000000
_UEP1                             00000000
_UEP10                            00000000
_UEP10bits                        00000000
_UEP11                            00000000
_UEP11bits                        00000000
_UEP12                            00000000
_UEP12bits                        00000000
_UEP13                            00000000
_UEP13bits                        00000000
_UEP14                            00000000
_UEP14bits                        00000000
_UEP15                            00000000
_UEP15bits                        00000000
_UEP1bits                         00000000
_UEP2                             00000000
_UEP2bits                         00000000
_UEP3                             00000000
_UEP3bits                         00000000
gpasm-0.13.4 beta               ep2.asm     4-14-2009  19:33:59          PAGE 15


LOC  OBJECT CODE     LINE SOURCE TEXT
  VALUE
 
_UEP4                             00000000
_UEP4bits                         00000000
_UEP5                             00000000
_UEP5bits                         00000000
_UEP6                             00000000
_UEP6bits                         00000000
_UEP7                             00000000
_UEP7bits                         00000000
_UEP8                             00000000
_UEP8bits                         00000000
_UEP9                             00000000
_UEP9bits                         00000000
_UFRMH                            00000000
_UFRMHbits                        00000000
_UFRML                            00000000
_UFRMLbits                        00000000
_UIE                              00000000
_UIEbits                          00000000
_UIR                              00000000
_UIRbits                          00000000
_USTAT                            00000000
_USTATbits                        00000000
_WDTCON                           00000000
_WDTCONbits                       00000000
_WREG                             00000000
__18F4550                         00000001
_boot_configuration_descriptor    00000000
_boot_device_descriptor           00000000
_boot_ep_in                       00000000
_boot_ep_init                     00000000
_boot_ep_out                      00000000
_boot_ep_setup                    00000000
_boot_string_descriptor           00000000
_configuration_descriptor         00000000
_device_descriptor                00000000
_ep2_in                           00000000
_ep2_init                         00000000
_ep2_num_bytes_to_send            00000000
_ep2_source_data                  00000000
_ep_bdt                           00000000
_ep_in                            00000000
_ep_init                          00000000
_ep_out                           00000000
_ep_setup                         00000000
_fill_in_buffer                   00000000
_last_send_was_null               00000000
_prepare_ep2_in                   00000000
_section_descriptor               00000000
_str0                             00000000
_str1                             00000000
_str2                             00000000
_str3                             00000000
_string_descriptor                00000000
_usb_active_alt_setting           00000000
gpasm-0.13.4 beta               ep2.asm     4-14-2009  19:33:59          PAGE 16


LOC  OBJECT CODE     LINE SOURCE TEXT
  VALUE
 
_usb_active_cfg                   00000000
_usb_device_state                 00000000
r0x00                             00000000
r0x01                             00000001
r0x02                             00000002
r0x03                             00000003
r0x04                             00000004


Errors   :       0
Warnings :       0 reported,       0 suppressed
Messages :       0 reported,       0 suppressed

