gpasm-0.13.4 beta               my_ep2.asm  5-18-2009  09:33:38          PAGE  1


LOC  OBJECT CODE     LINE SOURCE TEXT
  VALUE
 
               00001 ;--------------------------------------------------------
               00002 ; File Created by SDCC : FreeWare ANSI-C Compiler
               00003 ; Version 2.6.1 #4482 (Mar 15 2009)
               00004 ; This file generated Mon May 18 09:33:38 2009
               00005 ;--------------------------------------------------------
               00006 ; PIC16 port for the Microchip 16-bit core micros
               00007 ;--------------------------------------------------------
               00008         list    p=18f4550
               00009 
               00010         radix dec
               00011 
               00012 ;--------------------------------------------------------
               00013 ; public variables in this module
               00014 ;--------------------------------------------------------
               00015         global _my_ep2_init
               00016         global _my_prepare_ep2_in
               00017         global _my_ep2_in
               00018 
               00019 ;--------------------------------------------------------
               00020 ; extern variables in this module
               00021 ;--------------------------------------------------------
               00022         extern _ep2_num_bytes_to_send
               00023         extern _ep2_source_data
               00024         extern _ep_bdt
               00025         extern _SPPDATAbits
               00026         extern _SPPCFGbits
               00027         extern _SPPEPSbits
               00028         extern _SPPCONbits
               00029         extern _UFRMLbits
               00030         extern _UFRMHbits
               00031         extern _UIRbits
               00032         extern _UIEbits
               00033         extern _UEIRbits
               00034         extern _UEIEbits
               00035         extern _USTATbits
               00036         extern _UCONbits
               00037         extern _UADDRbits
               00038         extern _UCFGbits
               00039         extern _UEP0bits
               00040         extern _UEP1bits
               00041         extern _UEP2bits
               00042         extern _UEP3bits
               00043         extern _UEP4bits
               00044         extern _UEP5bits
               00045         extern _UEP6bits
               00046         extern _UEP7bits
               00047         extern _UEP8bits
               00048         extern _UEP9bits
               00049         extern _UEP10bits
               00050         extern _UEP11bits
               00051         extern _UEP12bits
               00052         extern _UEP13bits
               00053         extern _UEP14bits
               00054         extern _UEP15bits
gpasm-0.13.4 beta               my_ep2.asm  5-18-2009  09:33:38          PAGE  2


LOC  OBJECT CODE     LINE SOURCE TEXT
  VALUE
 
               00055         extern _PORTAbits
               00056         extern _PORTBbits
               00057         extern _PORTCbits
               00058         extern _PORTDbits
               00059         extern _PORTEbits
               00060         extern _LATAbits
               00061         extern _LATBbits
               00062         extern _LATCbits
               00063         extern _LATDbits
               00064         extern _LATEbits
               00065         extern _TRISAbits
               00066         extern _TRISBbits
               00067         extern _TRISCbits
               00068         extern _TRISDbits
               00069         extern _TRISEbits
               00070         extern _OSCTUNEbits
               00071         extern _PIE1bits
               00072         extern _PIR1bits
               00073         extern _IPR1bits
               00074         extern _PIE2bits
               00075         extern _PIR2bits
               00076         extern _IPR2bits
               00077         extern _EECON1bits
               00078         extern _RCSTAbits
               00079         extern _TXSTAbits
               00080         extern _T3CONbits
               00081         extern _CMCONbits
               00082         extern _CVRCONbits
               00083         extern _ECCP1ASbits
               00084         extern _ECCP1DELbits
               00085         extern _BAUDCONbits
               00086         extern _CCP2CONbits
               00087         extern _CCP1CONbits
               00088         extern _ADCON2bits
               00089         extern _ADCON1bits
               00090         extern _ADCON0bits
               00091         extern _SSPCON2bits
               00092         extern _SSPCON1bits
               00093         extern _SSPSTATbits
               00094         extern _T2CONbits
               00095         extern _T1CONbits
               00096         extern _RCONbits
               00097         extern _WDTCONbits
               00098         extern _HLVDCONbits
               00099         extern _OSCCONbits
               00100         extern _T0CONbits
               00101         extern _STATUSbits
               00102         extern _FSR2Hbits
               00103         extern _BSRbits
               00104         extern _FSR1Hbits
               00105         extern _FSR0Hbits
               00106         extern _INTCON3bits
               00107         extern _INTCON2bits
               00108         extern _INTCONbits
gpasm-0.13.4 beta               my_ep2.asm  5-18-2009  09:33:38          PAGE  3


LOC  OBJECT CODE     LINE SOURCE TEXT
  VALUE
 
               00109         extern _TBLPTRUbits
               00110         extern _PCLATHbits
               00111         extern _PCLATUbits
               00112         extern _STKPTRbits
               00113         extern _TOSUbits
               00114         extern _usb_device_state
               00115         extern _usb_active_cfg
               00116         extern _usb_active_alt_setting
               00117         extern _SPPDATA
               00118         extern _SPPCFG
               00119         extern _SPPEPS
               00120         extern _SPPCON
               00121         extern _UFRML
               00122         extern _UFRMH
               00123         extern _UIR
               00124         extern _UIE
               00125         extern _UEIR
               00126         extern _UEIE
               00127         extern _USTAT
               00128         extern _UCON
               00129         extern _UADDR
               00130         extern _UCFG
               00131         extern _UEP0
               00132         extern _UEP1
               00133         extern _UEP2
               00134         extern _UEP3
               00135         extern _UEP4
               00136         extern _UEP5
               00137         extern _UEP6
               00138         extern _UEP7
               00139         extern _UEP8
               00140         extern _UEP9
               00141         extern _UEP10
               00142         extern _UEP11
               00143         extern _UEP12
               00144         extern _UEP13
               00145         extern _UEP14
               00146         extern _UEP15
               00147         extern _PORTA
               00148         extern _PORTB
               00149         extern _PORTC
               00150         extern _PORTD
               00151         extern _PORTE
               00152         extern _LATA
               00153         extern _LATB
               00154         extern _LATC
               00155         extern _LATD
               00156         extern _LATE
               00157         extern _TRISA
               00158         extern _TRISB
               00159         extern _TRISC
               00160         extern _TRISD
               00161         extern _TRISE
               00162         extern _OSCTUNE
gpasm-0.13.4 beta               my_ep2.asm  5-18-2009  09:33:38          PAGE  4


LOC  OBJECT CODE     LINE SOURCE TEXT
  VALUE
 
               00163         extern _PIE1
               00164         extern _PIR1
               00165         extern _IPR1
               00166         extern _PIE2
               00167         extern _PIR2
               00168         extern _IPR2
               00169         extern _EECON1
               00170         extern _EECON2
               00171         extern _EEDATA
               00172         extern _EEADR
               00173         extern _RCSTA
               00174         extern _TXSTA
               00175         extern _TXREG
               00176         extern _RCREG
               00177         extern _SPBRG
               00178         extern _SPBRGH
               00179         extern _T3CON
               00180         extern _TMR3L
               00181         extern _TMR3H
               00182         extern _CMCON
               00183         extern _CVRCON
               00184         extern _ECCP1AS
               00185         extern _ECCP1DEL
               00186         extern _BAUDCON
               00187         extern _CCP2CON
               00188         extern _CCPR2L
               00189         extern _CCPR2H
               00190         extern _CCP1CON
               00191         extern _CCPR1L
               00192         extern _CCPR1H
               00193         extern _ADCON2
               00194         extern _ADCON1
               00195         extern _ADCON0
               00196         extern _ADRESL
               00197         extern _ADRESH
               00198         extern _SSPCON2
               00199         extern _SSPCON1
               00200         extern _SSPSTAT
               00201         extern _SSPADD
               00202         extern _SSPBUF
               00203         extern _T2CON
               00204         extern _PR2
               00205         extern _TMR2
               00206         extern _T1CON
               00207         extern _TMR1L
               00208         extern _TMR1H
               00209         extern _RCON
               00210         extern _WDTCON
               00211         extern _HLVDCON
               00212         extern _OSCCON
               00213         extern _T0CON
               00214         extern _TMR0L
               00215         extern _TMR0H
               00216         extern _STATUS
gpasm-0.13.4 beta               my_ep2.asm  5-18-2009  09:33:38          PAGE  5


LOC  OBJECT CODE     LINE SOURCE TEXT
  VALUE
 
               00217         extern _FSR2L
               00218         extern _FSR2H
               00219         extern _PLUSW2
               00220         extern _PREINC2
               00221         extern _POSTDEC2
               00222         extern _POSTINC2
               00223         extern _INDF2
               00224         extern _BSR
               00225         extern _FSR1L
               00226         extern _FSR1H
               00227         extern _PLUSW1
               00228         extern _PREINC1
               00229         extern _POSTDEC1
               00230         extern _POSTINC1
               00231         extern _INDF1
               00232         extern _WREG
               00233         extern _FSR0L
               00234         extern _FSR0H
               00235         extern _PLUSW0
               00236         extern _PREINC0
               00237         extern _POSTDEC0
               00238         extern _POSTINC0
               00239         extern _INDF0
               00240         extern _INTCON3
               00241         extern _INTCON2
               00242         extern _INTCON
               00243         extern _PRODL
               00244         extern _PRODH
               00245         extern _TABLAT
               00246         extern _TBLPTRL
               00247         extern _TBLPTRH
               00248         extern _TBLPTRU
               00249         extern _PCL
               00250         extern _PCLATH
               00251         extern _PCLATU
               00252         extern _STKPTR
               00253         extern _TOSL
               00254         extern _TOSH
               00255         extern _TOSU
               00256         extern _fill_in_buffer
               00257         extern _device_descriptor
               00258         extern _configuration_descriptor
               00259         extern _string_descriptor
               00260         extern _str0
               00261         extern _str1
               00262         extern _str2
               00263         extern _str3
               00264         extern _ep_init
               00265         extern _ep_in
               00266         extern _ep_out
               00267         extern _ep_setup
               00268 ;--------------------------------------------------------
               00269 ;       Equates to used internal registers
               00270 ;--------------------------------------------------------
gpasm-0.13.4 beta               my_ep2.asm  5-18-2009  09:33:38          PAGE  6


LOC  OBJECT CODE     LINE SOURCE TEXT
  VALUE
 
  00000FD8     00271 STATUS  equ     0xfd8
  00000FE1     00272 FSR1L   equ     0xfe1
  00000FD9     00273 FSR2L   equ     0xfd9
  00000FE5     00274 POSTDEC1        equ     0xfe5
  00000FE4     00275 PREINC1 equ     0xfe4
               00276 
               00277 
               00278 ; Internal registers
               00279 .registers      udata_ovr       0x0000
               00280 r0x00   res     1
               00281 r0x01   res     1
               00282 r0x02   res     1
               00283 r0x03   res     1
               00284 r0x04   res     1
               00285 
               00286 udata_my_ep2_0  udata
               00287 _last_send_was_null     res     1
               00288 
               00289 ;--------------------------------------------------------
               00290 ; global & static initialisations
               00291 ;--------------------------------------------------------
               00292 ; I code from now on!
               00293 ; ; Starting pCode block
               00294 S_my_ep2__my_ep2_in     code
0000           00295 _my_ep2_in:
               00296 ;       .line   60; my_ep2.c    void my_ep2_in(void)
0000 C000 FFE5 00297         MOVFF   r0x00, POSTDEC1
0004 C000 FFE5 00298         MOVFF   r0x01, POSTDEC1
0008 C000 FFE5 00299         MOVFF   r0x02, POSTDEC1
000C C000 FFE5 00300         MOVFF   r0x03, POSTDEC1
0010 C000 FFE5 00301         MOVFF   r0x04, POSTDEC1
0014 0000      00302         BANKSEL _ep2_num_bytes_to_send
               00303 ;       .line   62; my_ep2.c    if((ep2_num_bytes_to_send == 0) && last_send_was_null)
0016 5100      00304         MOVF    _ep2_num_bytes_to_send, W, B
               00305 ; removed redundant BANKSEL
0018 1100      00306         IORWF   (_ep2_num_bytes_to_send + 1), W, B
001A E100      00307         BNZ     _00122_DS_
               00308 ; #     MOVF    _last_send_was_null, W, B
               00309 ; #     BTFSC   STATUS, 2
               00310 ; #     GOTO    _00122_DS_
               00311 ; #     GOTO    _00127_DS_
               00312 ; #     MOVLW   0x00
               00313 ; ;     peep 1 - test/jump to test/skip
001C 0000      00314         BANKSEL _last_send_was_null
               00315 ;       .line   66; my_ep2.c    return;
001E 5100      00316         MOVF    _last_send_was_null, W, B
               00317 ;       .line   68; my_ep2.c    last_send_was_null = (ep2_num_bytes_to_send < MY_EP2_BUFFER_SIZE);
0020 A4D8      00318         BTFSS   STATUS, 2
0022 D000      00319         BRA     _00127_DS_
0024           00320 _00122_DS_:
0024 0E00      00321         MOVLW   0x00
0026 0000      00322         BANKSEL (_ep2_num_bytes_to_send + 1)
0028 5D00      00323         SUBWF   (_ep2_num_bytes_to_send + 1), W, B
002A E100      00324         BNZ     _00133_DS_
gpasm-0.13.4 beta               my_ep2.asm  5-18-2009  09:33:38          PAGE  7


LOC  OBJECT CODE     LINE SOURCE TEXT
  VALUE
 
002C 0E40      00325         MOVLW   0x40
               00326 ; removed redundant BANKSEL
002E 5D00      00327         SUBWF   _ep2_num_bytes_to_send, W, B
0030           00328 _00133_DS_:
0030 70D8      00329         BTG     STATUS, 0
0032 0000      00330         BANKSEL _last_send_was_null
0034 6B00      00331         CLRF    _last_send_was_null, B
0036 3700      00332         RLCF    _last_send_was_null, F, B
               00333 ; #     MOVF    _ep2_num_bytes_to_send, W, B
               00334 ; #     MOVWF   r0x00
               00335 ; #     MOVF    r0x00, W
               00336 ; ;     peep 9c - Removed redundant move
0038 0000      00337         BANKSEL _ep2_num_bytes_to_send
               00338 ;       .line   69; my_ep2.c    EP_IN_BD(2).Cnt = ep2_num_bytes_to_send;
003A 5100      00339         MOVF    _ep2_num_bytes_to_send, W, B
003C 0000      00340         BANKSEL (_ep_bdt + 21)
003E 6F00      00341         MOVWF   (_ep_bdt + 21), B
               00342 ;       .line   70; my_ep2.c    fill_in_buffer(2, &ep2_source_data, MY_EP2_BUFFER_SIZE, &ep2_num_bytes_to_send);
0040 0E00      00343         MOVLW   HIGH(_ep2_source_data)
0042 6E00      00344         MOVWF   r0x01
0044 0E00      00345         MOVLW   LOW(_ep2_source_data)
0046 6E00      00346         MOVWF   r0x00
0048 0E80      00347         MOVLW   0x80
004A 6E00      00348         MOVWF   r0x02
004C 0E00      00349         MOVLW   HIGH(_ep2_num_bytes_to_send)
004E 6E00      00350         MOVWF   r0x04
0050 0E00      00351         MOVLW   LOW(_ep2_num_bytes_to_send)
0052 6E00      00352         MOVWF   r0x03
0054 0E80      00353         MOVLW   0x80
               00354 ; #     MOVWF   r0x05
               00355 ; #     MOVF    r0x05, W
               00356 ; ;     peep 2 - Removed redundant move
0056 6EE5      00357         MOVWF   POSTDEC1
0058 5000      00358         MOVF    r0x04, W
005A 6EE5      00359         MOVWF   POSTDEC1
005C 5000      00360         MOVF    r0x03, W
005E 6EE5      00361         MOVWF   POSTDEC1
0060 6AE5      00362         CLRF    POSTDEC1
0062 0E40      00363         MOVLW   0x40
0064 6EE5      00364         MOVWF   POSTDEC1
0066 5000      00365         MOVF    r0x02, W
0068 6EE5      00366         MOVWF   POSTDEC1
006A 5000      00367         MOVF    r0x01, W
006C 6EE5      00368         MOVWF   POSTDEC1
006E 5000      00369         MOVF    r0x00, W
0070 6EE5      00370         MOVWF   POSTDEC1
0072 0E02      00371         MOVLW   0x02
0074 6EE5      00372         MOVWF   POSTDEC1
0076 EC00 F000 00373         CALL    _fill_in_buffer
007A 0E09      00374         MOVLW   0x09
007C 26E1      00375         ADDWF   FSR1L, F
007E 0000      00376         BANKSEL (_ep_bdt + 20)
               00377 ;       .line   71; my_ep2.c    if(EP_IN_BD(2).Stat.DTS == 0)
0080 BD00      00378         BTFSC   (_ep_bdt + 20), 6, B
gpasm-0.13.4 beta               my_ep2.asm  5-18-2009  09:33:38          PAGE  8


LOC  OBJECT CODE     LINE SOURCE TEXT
  VALUE
 
0082 D000      00379         BRA     _00125_DS_
               00380 ;       .line   73; my_ep2.c    EP_IN_BD(2).Stat.uc = BDS_USIE | BDS_DAT1 | BDS_DTSEN;
0084 0EC8      00381         MOVLW   0xc8
               00382 ; removed redundant BANKSEL
0086 6F00      00383         MOVWF   (_ep_bdt + 20), B
0088 D000      00384         BRA     _00127_DS_
008A           00385 _00125_DS_:
               00386 ;       .line   77; my_ep2.c    EP_IN_BD(2).Stat.uc = BDS_USIE | BDS_DAT0 | BDS_DTSEN;
008A 0E88      00387         MOVLW   0x88
008C 0000      00388         BANKSEL (_ep_bdt + 20)
008E 6F00      00389         MOVWF   (_ep_bdt + 20), B
0090           00390 _00127_DS_:
0090 CFE4 F000 00391         MOVFF   PREINC1, r0x04
0094 CFE4 F000 00392         MOVFF   PREINC1, r0x03
0098 CFE4 F000 00393         MOVFF   PREINC1, r0x02
009C CFE4 F000 00394         MOVFF   PREINC1, r0x01
00A0 CFE4 F000 00395         MOVFF   PREINC1, r0x00
00A4 0012      00396         RETURN  
               00397 
               00398 ; ; Starting pCode block
               00399 S_my_ep2__my_prepare_ep2_in     code
0000           00400 _my_prepare_ep2_in:
               00401 ;       .line   44; my_ep2.c    void my_prepare_ep2_in(void)
0000 C000 FFE5 00402         MOVFF   r0x00, POSTDEC1
0004 C000 FFE5 00403         MOVFF   r0x01, POSTDEC1
0008 C000 FFE5 00404         MOVFF   r0x02, POSTDEC1
000C C000 FFE5 00405         MOVFF   r0x03, POSTDEC1
0010 C000 FFE5 00406         MOVFF   r0x04, POSTDEC1
               00407 ;       .line   46; my_ep2.c    last_send_was_null = (ep2_num_bytes_to_send < MY_EP2_BUFFER_SIZE);
0014 0E00      00408         MOVLW   0x00
0016 0000      00409         BANKSEL (_ep2_num_bytes_to_send + 1)
0018 5D00      00410         SUBWF   (_ep2_num_bytes_to_send + 1), W, B
001A E100      00411         BNZ     _00116_DS_
001C 0E40      00412         MOVLW   0x40
               00413 ; removed redundant BANKSEL
001E 5D00      00414         SUBWF   _ep2_num_bytes_to_send, W, B
0020           00415 _00116_DS_:
0020 70D8      00416         BTG     STATUS, 0
0022 0000      00417         BANKSEL _last_send_was_null
0024 6B00      00418         CLRF    _last_send_was_null, B
0026 3700      00419         RLCF    _last_send_was_null, F, B
               00420 ; #     MOVF    _ep2_num_bytes_to_send, W, B
               00421 ; #     MOVWF   r0x00
               00422 ; #     MOVF    r0x00, W
               00423 ; ;     peep 9c - Removed redundant move
0028 0000      00424         BANKSEL _ep2_num_bytes_to_send
               00425 ;       .line   47; my_ep2.c    EP_IN_BD(2).Cnt = ep2_num_bytes_to_send;
002A 5100      00426         MOVF    _ep2_num_bytes_to_send, W, B
002C 0000      00427         BANKSEL (_ep_bdt + 21)
002E 6F00      00428         MOVWF   (_ep_bdt + 21), B
               00429 ;       .line   48; my_ep2.c    EP_IN_BD(2).ADR = (uchar __data *)&ep2_InBuffer;
0030 0E40      00430         MOVLW   0x40
               00431 ; removed redundant BANKSEL
0032 6F00      00432         MOVWF   (_ep_bdt + 22), B
gpasm-0.13.4 beta               my_ep2.asm  5-18-2009  09:33:38          PAGE  9


LOC  OBJECT CODE     LINE SOURCE TEXT
  VALUE
 
0034 0E05      00433         MOVLW   0x05
               00434 ; removed redundant BANKSEL
0036 6F00      00435         MOVWF   (_ep_bdt + 23), B
               00436 ;       .line   49; my_ep2.c    fill_in_buffer(2, &ep2_source_data, MY_EP2_BUFFER_SIZE, &ep2_num_bytes_to_send);
0038 0E00      00437         MOVLW   HIGH(_ep2_source_data)
003A 6E00      00438         MOVWF   r0x01
003C 0E00      00439         MOVLW   LOW(_ep2_source_data)
003E 6E00      00440         MOVWF   r0x00
0040 0E80      00441         MOVLW   0x80
0042 6E00      00442         MOVWF   r0x02
0044 0E00      00443         MOVLW   HIGH(_ep2_num_bytes_to_send)
0046 6E00      00444         MOVWF   r0x04
0048 0E00      00445         MOVLW   LOW(_ep2_num_bytes_to_send)
004A 6E00      00446         MOVWF   r0x03
004C 0E80      00447         MOVLW   0x80
               00448 ; #     MOVWF   r0x05
               00449 ; #     MOVF    r0x05, W
               00450 ; ;     peep 2 - Removed redundant move
004E 6EE5      00451         MOVWF   POSTDEC1
0050 5000      00452         MOVF    r0x04, W
0052 6EE5      00453         MOVWF   POSTDEC1
0054 5000      00454         MOVF    r0x03, W
0056 6EE5      00455         MOVWF   POSTDEC1
0058 6AE5      00456         CLRF    POSTDEC1
005A 0E40      00457         MOVLW   0x40
005C 6EE5      00458         MOVWF   POSTDEC1
005E 5000      00459         MOVF    r0x02, W
0060 6EE5      00460         MOVWF   POSTDEC1
0062 5000      00461         MOVF    r0x01, W
0064 6EE5      00462         MOVWF   POSTDEC1
0066 5000      00463         MOVF    r0x00, W
0068 6EE5      00464         MOVWF   POSTDEC1
006A 0E02      00465         MOVLW   0x02
006C 6EE5      00466         MOVWF   POSTDEC1
006E EC00 F000 00467         CALL    _fill_in_buffer
0072 0E09      00468         MOVLW   0x09
0074 26E1      00469         ADDWF   FSR1L, F
0076 0000      00470         BANKSEL (_ep_bdt + 20)
               00471 ;       .line   50; my_ep2.c    if(EP_IN_BD(2).Stat.DTS == 0)
0078 BD00      00472         BTFSC   (_ep_bdt + 20), 6, B
007A D000      00473         BRA     _00110_DS_
               00474 ;       .line   52; my_ep2.c    EP_IN_BD(2).Stat.uc = BDS_USIE | BDS_DAT1 | BDS_DTSEN;
007C 0EC8      00475         MOVLW   0xc8
               00476 ; removed redundant BANKSEL
007E 6F00      00477         MOVWF   (_ep_bdt + 20), B
0080 D000      00478         BRA     _00112_DS_
0082           00479 _00110_DS_:
               00480 ;       .line   56; my_ep2.c    EP_IN_BD(2).Stat.uc = BDS_USIE | BDS_DAT0 | BDS_DTSEN;
0082 0E88      00481         MOVLW   0x88
0084 0000      00482         BANKSEL (_ep_bdt + 20)
0086 6F00      00483         MOVWF   (_ep_bdt + 20), B
0088           00484 _00112_DS_:
0088 CFE4 F000 00485         MOVFF   PREINC1, r0x04
008C CFE4 F000 00486         MOVFF   PREINC1, r0x03
gpasm-0.13.4 beta               my_ep2.asm  5-18-2009  09:33:38          PAGE 10


LOC  OBJECT CODE     LINE SOURCE TEXT
  VALUE
 
0090 CFE4 F000 00487         MOVFF   PREINC1, r0x02
0094 CFE4 F000 00488         MOVFF   PREINC1, r0x01
0098 CFE4 F000 00489         MOVFF   PREINC1, r0x00
009C 0012      00490         RETURN  
               00491 
               00492 ; ; Starting pCode block
               00493 S_my_ep2__my_ep2_init   code
0000           00494 _my_ep2_init:
               00495 ;       .line   40; my_ep2.c    EP_IN_BD(2).Stat.uc = BDS_UCPU | BDS_DAT1 | BDS_DTSEN;
0000 0E48      00496         MOVLW   0x48
0002 0000      00497         BANKSEL (_ep_bdt + 20)
0004 6F00      00498         MOVWF   (_ep_bdt + 20), B
               00499 ;       .line   41; my_ep2.c    UEP2 = EPHSHK_EN | EPINEN_EN | EPCONDIS_EN;       // Init EP2 as an IN EP
0006 0E1A      00500         MOVLW   0x1a
0008 6E00      00501         MOVWF   _UEP2
000A 0012      00502         RETURN  
               00503 
               00504 
               00505 
               00506 ; Statistics:
               00507 ; code size:      336 (0x0150) bytes ( 0.26%)
               00508 ;                 168 (0x00a8) words
               00509 ; udata size:       1 (0x0001) bytes ( 0.06%)
               00510 ; access size:      5 (0x0005) bytes
               00511 
               00512 
gpasm-0.13.4 beta               my_ep2.asm  5-18-2009  09:33:38          PAGE 11


SYMBOL TABLE
  LABEL                             VALUE 

FSR1L                             00000FE1
FSR2L                             00000FD9
POSTDEC1                          00000FE5
PREINC1                           00000FE4
STATUS                            00000FD8
_00110_DS_                        00000082
_00112_DS_                        00000088
_00116_DS_                        00000020
_00122_DS_                        00000024
_00125_DS_                        0000008A
_00127_DS_                        00000090
_00133_DS_                        00000030
_ADCON0                           00000000
_ADCON0bits                       00000000
_ADCON1                           00000000
_ADCON1bits                       00000000
_ADCON2                           00000000
_ADCON2bits                       00000000
_ADRESH                           00000000
_ADRESL                           00000000
_BAUDCON                          00000000
_BAUDCONbits                      00000000
_BSR                              00000000
_BSRbits                          00000000
_CCP1CON                          00000000
_CCP1CONbits                      00000000
_CCP2CON                          00000000
_CCP2CONbits                      00000000
_CCPR1H                           00000000
_CCPR1L                           00000000
_CCPR2H                           00000000
_CCPR2L                           00000000
_CMCON                            00000000
_CMCONbits                        00000000
_CVRCON                           00000000
_CVRCONbits                       00000000
_ECCP1AS                          00000000
_ECCP1ASbits                      00000000
_ECCP1DEL                         00000000
_ECCP1DELbits                     00000000
_EEADR                            00000000
_EECON1                           00000000
_EECON1bits                       00000000
_EECON2                           00000000
_EEDATA                           00000000
_FSR0H                            00000000
_FSR0Hbits                        00000000
_FSR0L                            00000000
_FSR1H                            00000000
_FSR1Hbits                        00000000
_FSR1L                            00000000
_FSR2H                            00000000
_FSR2Hbits                        00000000
gpasm-0.13.4 beta               my_ep2.asm  5-18-2009  09:33:38          PAGE 12


LOC  OBJECT CODE     LINE SOURCE TEXT
  VALUE
 
_FSR2L                            00000000
_HLVDCON                          00000000
_HLVDCONbits                      00000000
_INDF0                            00000000
_INDF1                            00000000
_INDF2                            00000000
_INTCON                           00000000
_INTCON2                          00000000
_INTCON2bits                      00000000
_INTCON3                          00000000
_INTCON3bits                      00000000
_INTCONbits                       00000000
_IPR1                             00000000
_IPR1bits                         00000000
_IPR2                             00000000
_IPR2bits                         00000000
_LATA                             00000000
_LATAbits                         00000000
_LATB                             00000000
_LATBbits                         00000000
_LATC                             00000000
_LATCbits                         00000000
_LATD                             00000000
_LATDbits                         00000000
_LATE                             00000000
_LATEbits                         00000000
_OSCCON                           00000000
_OSCCONbits                       00000000
_OSCTUNE                          00000000
_OSCTUNEbits                      00000000
_PCL                              00000000
_PCLATH                           00000000
_PCLATHbits                       00000000
_PCLATU                           00000000
_PCLATUbits                       00000000
_PIE1                             00000000
_PIE1bits                         00000000
_PIE2                             00000000
_PIE2bits                         00000000
_PIR1                             00000000
_PIR1bits                         00000000
_PIR2                             00000000
_PIR2bits                         00000000
_PLUSW0                           00000000
_PLUSW1                           00000000
_PLUSW2                           00000000
_PORTA                            00000000
_PORTAbits                        00000000
_PORTB                            00000000
_PORTBbits                        00000000
_PORTC                            00000000
_PORTCbits                        00000000
_PORTD                            00000000
_PORTDbits                        00000000
gpasm-0.13.4 beta               my_ep2.asm  5-18-2009  09:33:38          PAGE 13


LOC  OBJECT CODE     LINE SOURCE TEXT
  VALUE
 
_PORTE                            00000000
_PORTEbits                        00000000
_POSTDEC0                         00000000
_POSTDEC1                         00000000
_POSTDEC2                         00000000
_POSTINC0                         00000000
_POSTINC1                         00000000
_POSTINC2                         00000000
_PR2                              00000000
_PREINC0                          00000000
_PREINC1                          00000000
_PREINC2                          00000000
_PRODH                            00000000
_PRODL                            00000000
_RCON                             00000000
_RCONbits                         00000000
_RCREG                            00000000
_RCSTA                            00000000
_RCSTAbits                        00000000
_SPBRG                            00000000
_SPBRGH                           00000000
_SPPCFG                           00000000
_SPPCFGbits                       00000000
_SPPCON                           00000000
_SPPCONbits                       00000000
_SPPDATA                          00000000
_SPPDATAbits                      00000000
_SPPEPS                           00000000
_SPPEPSbits                       00000000
_SSPADD                           00000000
_SSPBUF                           00000000
_SSPCON1                          00000000
_SSPCON1bits                      00000000
_SSPCON2                          00000000
_SSPCON2bits                      00000000
_SSPSTAT                          00000000
_SSPSTATbits                      00000000
_STATUS                           00000000
_STATUSbits                       00000000
_STKPTR                           00000000
_STKPTRbits                       00000000
_T0CON                            00000000
_T0CONbits                        00000000
_T1CON                            00000000
_T1CONbits                        00000000
_T2CON                            00000000
_T2CONbits                        00000000
_T3CON                            00000000
_T3CONbits                        00000000
_TABLAT                           00000000
_TBLPTRH                          00000000
_TBLPTRL                          00000000
_TBLPTRU                          00000000
_TBLPTRUbits                      00000000
gpasm-0.13.4 beta               my_ep2.asm  5-18-2009  09:33:38          PAGE 14


LOC  OBJECT CODE     LINE SOURCE TEXT
  VALUE
 
_TMR0H                            00000000
_TMR0L                            00000000
_TMR1H                            00000000
_TMR1L                            00000000
_TMR2                             00000000
_TMR3H                            00000000
_TMR3L                            00000000
_TOSH                             00000000
_TOSL                             00000000
_TOSU                             00000000
_TOSUbits                         00000000
_TRISA                            00000000
_TRISAbits                        00000000
_TRISB                            00000000
_TRISBbits                        00000000
_TRISC                            00000000
_TRISCbits                        00000000
_TRISD                            00000000
_TRISDbits                        00000000
_TRISE                            00000000
_TRISEbits                        00000000
_TXREG                            00000000
_TXSTA                            00000000
_TXSTAbits                        00000000
_UADDR                            00000000
_UADDRbits                        00000000
_UCFG                             00000000
_UCFGbits                         00000000
_UCON                             00000000
_UCONbits                         00000000
_UEIE                             00000000
_UEIEbits                         00000000
_UEIR                             00000000
_UEIRbits                         00000000
_UEP0                             00000000
_UEP0bits                         00000000
_UEP1                             00000000
_UEP10                            00000000
_UEP10bits                        00000000
_UEP11                            00000000
_UEP11bits                        00000000
_UEP12                            00000000
_UEP12bits                        00000000
_UEP13                            00000000
_UEP13bits                        00000000
_UEP14                            00000000
_UEP14bits                        00000000
_UEP15                            00000000
_UEP15bits                        00000000
_UEP1bits                         00000000
_UEP2                             00000000
_UEP2bits                         00000000
_UEP3                             00000000
_UEP3bits                         00000000
gpasm-0.13.4 beta               my_ep2.asm  5-18-2009  09:33:38          PAGE 15


LOC  OBJECT CODE     LINE SOURCE TEXT
  VALUE
 
_UEP4                             00000000
_UEP4bits                         00000000
_UEP5                             00000000
_UEP5bits                         00000000
_UEP6                             00000000
_UEP6bits                         00000000
_UEP7                             00000000
_UEP7bits                         00000000
_UEP8                             00000000
_UEP8bits                         00000000
_UEP9                             00000000
_UEP9bits                         00000000
_UFRMH                            00000000
_UFRMHbits                        00000000
_UFRML                            00000000
_UFRMLbits                        00000000
_UIE                              00000000
_UIEbits                          00000000
_UIR                              00000000
_UIRbits                          00000000
_USTAT                            00000000
_USTATbits                        00000000
_WDTCON                           00000000
_WDTCONbits                       00000000
_WREG                             00000000
__18F4550                         00000001
_configuration_descriptor         00000000
_device_descriptor                00000000
_ep2_num_bytes_to_send            00000000
_ep2_source_data                  00000000
_ep_bdt                           00000000
_ep_in                            00000000
_ep_init                          00000000
_ep_out                           00000000
_ep_setup                         00000000
_fill_in_buffer                   00000000
_last_send_was_null               00000000
_my_ep2_in                        00000000
_my_ep2_init                      00000000
_my_prepare_ep2_in                00000000
_str0                             00000000
_str1                             00000000
_str2                             00000000
_str3                             00000000
_string_descriptor                00000000
_usb_active_alt_setting           00000000
_usb_active_cfg                   00000000
_usb_device_state                 00000000
r0x00                             00000000
r0x01                             00000001
r0x02                             00000002
r0x03                             00000003
r0x04                             00000004


Errors   :       0
Warnings :       0 reported,       0 suppressed
Messages :       0 reported,       0 suppressed

