gplink-0.13.4 alpha
Map File - Created 5-20-2009  17:01:05
 
                                 Section Info
                  Section       Type    Address   Location Size(Bytes)
                ---------  ---------  ---------  ---------  ---------
S_boot_iface__boot_goto_table       code   0x00001c    program   0x00005e
    S_usb__dummy_function       code   0x000500    program   0x000006
S_application_iface__application_data       code   0x002000    program   0x00001a
S_usb_descriptors__null_function       code   0x00201a    program   0x000002
S_main__high_priority_isr       code   0x002020    program   0x0000a2
                    .code       code   0x0020c2    program   0x0002ec
     S_my_ep1__my_ep1_out       code   0x0023ae    program   0x0002e6
S_moteursetjack__ordre_moteur       code   0x002694    program   0x00020e
S_moteursetjack__moteursetjack_ints_tmr0       code   0x0028a2    program   0x00016c
      S_my_ep2__my_ep2_in       code   0x002a0e    program   0x0000a6
S_my_ep2__my_prepare_ep2_in       code   0x002ab4    program   0x00009e
    S_analogs__maj_result       code   0x002b52    program   0x000086
S_moteursetjack__moteursetjack_ints_RB_haut       code   0x002bd8    program   0x000062
      S_servos__set_servo       code   0x002c3a    program   0x000058
S_moteursetjack__moteursetjack_ints_RB_bas       code   0x002c92    program   0x000058
S_servos__gestionservos_tmr2       code   0x002cea    program   0x000038
 S_main__application_main       code   0x002d22    program   0x000030
S_moteursetjack__init_moteursetjack       code   0x002d52    program   0x000030
S_analogs__init_adconversion       code   0x002d82    program   0x00002e
S_moteursetjack__moteursetjack_ints_INT2       code   0x002db0    program   0x00002a
S_moteursetjack__moteursetjack_ints_INT1       code   0x002dda    program   0x00002a
S_servos__gestionservos_tmr1       code   0x002e04    program   0x000020
    S_servos__init_servos       code   0x002e24    program   0x000020
    S_my_ep2__my_ep2_init       code   0x002e44    program   0x00001a
S_moteursetjack__moteursetjack_ints_INT0       code   0x002e5e    program   0x000018
    S_my_ep1__my_ep1_init       code   0x002e76    program   0x000016
                   .cinit       code   0x002e8c    program   0x00000e
                 .idata_i       code   0x002e9a    program   0x00000a
 S_main__low_priority_isr       code   0x004000    program   0x00004a
                   .idata      idata   0x000140       data   0x000009
               .registers      udata   00000000       data   0x000006
      ustat_boot_iface_00      udata   0x00005d       data   0x000003
           udata_my_ep2_2      udata   0x000100       data   0x000040
           udata_my_ep2_1      udata   0x000149       data   0x000003
           udata_my_ep2_4      udata   0x00014c       data   0x000003
          udata_analogs_1      udata   0x00014f       data   0x000003
           udata_my_ep2_3      udata   0x000152       data   0x000002
    udata_moteursetjack_0      udata   0x000154       data   0x000002
           udata_my_ep1_0      udata   0x000156       data   0x000001
           udata_my_ep1_1      udata   0x000157       data   0x000001
           udata_my_ep1_2      udata   0x000158       data   0x000001
           udata_my_ep1_3      udata   0x000159       data   0x000001
           udata_my_ep2_0      udata   0x00015a       data   0x000001
           udata_servos_0      udata   0x00015b       data   0x000001
           udata_servos_1      udata   0x00015c       data   0x000001
           udata_servos_2      udata   0x00015d       data   0x000001
           udata_servos_3      udata   0x00015e       data   0x000001
           udata_servos_4      udata   0x00015f       data   0x000001
           udata_servos_5      udata   0x000160       data   0x000001
          udata_analogs_0      udata   0x000161       data   0x000001
    udata_moteursetjack_1      udata   0x000162       data   0x000001
             ustat_usb_00      udata   0x000400       data   0x000080
          ustat_my_ep1_00      udata   0x000500       data   0x000040
      ustat_pic18f4550_00      udata   0x000f62       data   0x000023
      ustat_pic18f4550_01      udata   0x000f89       data   0x000005
      ustat_pic18f4550_02      udata   0x000f92       data   0x000005
      ustat_pic18f4550_03      udata   0x000f9b       data   0x000001
      ustat_pic18f4550_04      udata   0x000f9d       data   0x000006
      ustat_pic18f4550_05      udata   0x000fa6       data   0x000004
      ustat_pic18f4550_06      udata   0x000fab       data   0x00000e
      ustat_pic18f4550_07      udata   0x000fba       data   0x00001a
      ustat_pic18f4550_08      udata   0x000fd5       data   0x00002b
 
                              Program Memory Usage
                               Start         End
                           ---------   ---------
                            0x002000    0x002019
                            0x002020    0x0020c1
                            0x004000    0x004049
                            0x002d22    0x002d51
                            0x00201a    0x00201b
                            0x0020c2    0x0023ad
                            0x0023ae    0x002693
                            0x002e76    0x002e8b
                            0x002a0e    0x002ab3
                            0x002ab4    0x002b51
                            0x002e44    0x002e5d
                            0x002e04    0x002e23
                            0x002cea    0x002d21
                            0x002c3a    0x002c91
                            0x002e24    0x002e43
                            0x002b52    0x002bd7
                            0x002d82    0x002daf
                            0x002e9a    0x002ea3
                            0x0028a2    0x002a0d
                            0x002db0    0x002dd9
                            0x002dda    0x002e03
                            0x002e5e    0x002e75
                            0x002bd8    0x002c39
                            0x002c92    0x002ce9
                            0x002694    0x0028a1
                            0x002d52    0x002d81
                            0x000500    0x000505
                            0x00001c    0x000079
                            0x002e8c    0x002e99
 
                            1959 program addresses used
 
                              Symbols
                     Name    Address   Location    Storage File
                ---------  ---------  ---------  --------- ---------
        _application_data   0x002000    program     extern application_iface.asm
       _high_priority_isr   0x002020    program     extern main.asm
               _00114_DS_   0x00204e    program     static main.asm
               _00120_DS_   0x002060    program     static main.asm
               _00122_DS_   0x00206a    program     static main.asm
               _00124_DS_   0x002074    program     static main.asm
               _00126_DS_   0x00207e    program     static main.asm
               _00128_DS_   0x002088    program     static main.asm
               _00130_DS_   0x002092    program     static main.asm
               _00133_DS_   0x00209c    program     static main.asm
        _low_priority_isr   0x004000    program     extern main.asm
        _application_main   0x002d22    program     extern main.asm
               _00105_DS_   0x002d40    program     static main.asm
               _00108_DS_   0x002d50    program     static main.asm
           _null_function   0x00201a    program     extern usb_descriptors.asm
       _device_descriptor   0x0020c2    program     extern usb_descriptors.asm
             _default_cfg   0x0020d4    program     extern usb_descriptors.asm
               _flash_cfg   0x0020e6    program     extern usb_descriptors.asm
         _application_cfg   0x002106    program     extern usb_descriptors.asm
_configuration_descriptor   0x002126    program     extern usb_descriptors.asm
                    _str0   0x002130    program     extern usb_descriptors.asm
                    _str1   0x002134    program     extern usb_descriptors.asm
                    _str2   0x002150    program     extern usb_descriptors.asm
                    _str3   0x00216c    program     extern usb_descriptors.asm
                    _str4   0x002170    program     extern usb_descriptors.asm
                    _str5   0x002180    program     extern usb_descriptors.asm
       _string_descriptor   0x00218c    program     extern usb_descriptors.asm
            _ep_init_cfg0   0x00219e    program     static usb_descriptors.asm
            _ep_init_cfg1   0x0021ce    program     static usb_descriptors.asm
            _ep_init_cfg2   0x0021fe    program     static usb_descriptors.asm
                 _ep_init   0x00222e    program     extern usb_descriptors.asm
              _ep_in_cfg0   0x00223a    program     static usb_descriptors.asm
              _ep_in_cfg1   0x00226a    program     static usb_descriptors.asm
              _ep_in_cfg2   0x00229a    program     static usb_descriptors.asm
                   _ep_in   0x0022ca    program     extern usb_descriptors.asm
             _ep_out_cfg0   0x0022d6    program     static usb_descriptors.asm
             _ep_out_cfg1   0x002306    program     static usb_descriptors.asm
             _ep_out_cfg2   0x002336    program     static usb_descriptors.asm
                  _ep_out   0x002366    program     extern usb_descriptors.asm
           _ep_setup_cfg0   0x002372    program     static usb_descriptors.asm
                _ep_setup   0x0023a2    program     extern usb_descriptors.asm
                    r0x00   00000000       data     static my_ep1.asm
                    r0x01   0x000001       data     static my_ep1.asm
                    r0x02   0x000002       data     static my_ep1.asm
                    r0x03   0x000003       data     static my_ep1.asm
                    r0x04   0x000004       data     static my_ep1.asm
                    r0x05   0x000005       data     static my_ep1.asm
                _checksum   0x000156       data     extern my_ep1.asm
                       _i   0x000157       data     extern my_ep1.asm
           _tetedelecture   0x000158       data     extern my_ep1.asm
                   iTemp0   0x000159       data     static my_ep1.asm
           _ep1_OutBuffer   0x000500       data     extern my_ep1.asm
              _my_ep1_out   0x0023ae    program     extern my_ep1.asm
               _00110_DS_   0x002442    program     static my_ep1.asm
               _10109_DS_   0x002458    program     static my_ep1.asm
               _00112_DS_   0x0024bc    program     static my_ep1.asm
               _00114_DS_   0x002516    program     static my_ep1.asm
               _00115_DS_   0x002552    program     static my_ep1.asm
               _00117_DS_   0x002556    program     static my_ep1.asm
               _20110_DS_   0x0025f2    program     static my_ep1.asm
               _30111_DS_   0x002628    program     static my_ep1.asm
               _00119_DS_   0x00264e    program     static my_ep1.asm
               _00121_DS_   0x002662    program     static my_ep1.asm
               _00124_DS_   0x00266a    program     static my_ep1.asm
               _00126_DS_   0x00267a    program     static my_ep1.asm
             _my_ep1_init   0x002e76    program     extern my_ep1.asm
                    r0x00   00000000       data     static my_ep2.asm
                    r0x01   0x000001       data     static my_ep2.asm
                    r0x02   0x000002       data     static my_ep2.asm
                    r0x03   0x000003       data     static my_ep2.asm
                    r0x04   0x000004       data     static my_ep2.asm
      _last_send_was_null   0x00015a       data     static my_ep2.asm
                  _mydata   0x000149       data     extern my_ep2.asm
                 _an_data   0x000100       data     extern my_ep2.asm
   _ep2_num_bytes_to_send   0x000152       data     extern my_ep2.asm
         _ep2_source_data   0x00014c       data     extern my_ep2.asm
               _my_ep2_in   0x002a0e    program     extern my_ep2.asm
               _00122_DS_   0x002a32    program     static my_ep2.asm
               _00133_DS_   0x002a3e    program     static my_ep2.asm
               _00125_DS_   0x002a98    program     static my_ep2.asm
               _00127_DS_   0x002a9e    program     static my_ep2.asm
       _my_prepare_ep2_in   0x002ab4    program     extern my_ep2.asm
               _00116_DS_   0x002ad4    program     static my_ep2.asm
               _00110_DS_   0x002b36    program     static my_ep2.asm
               _00112_DS_   0x002b3c    program     static my_ep2.asm
             _my_ep2_init   0x002e44    program     extern my_ep2.asm
                    r0x00   00000000       data     static servos.asm
                    r0x01   0x000001       data     static servos.asm
                    r0x02   0x000002       data     static servos.asm
          _next_event_svo   0x00015b       data     extern servos.asm
               _svo_order   0x00015c       data     extern servos.asm
           _change_svocmd   0x00015d       data     extern servos.asm
               _positions   0x00015e       data     extern servos.asm
             _event_count   0x00015f       data     extern servos.asm
               _svo_event   0x000160       data     extern servos.asm
      _gestionservos_tmr1   0x002e04    program     extern servos.asm
               _00124_DS_   0x002e16    program     static servos.asm
      _gestionservos_tmr2   0x002cea    program     extern servos.asm
               _00118_DS_   0x002d18    program     static servos.asm
               _set_servo   0x002c3a    program     extern servos.asm
               _00110_DS_   0x002c7e    program     static servos.asm
               _00111_DS_   0x002c80    program     static servos.asm
             _init_servos   0x002e24    program     extern servos.asm
                    r0x00   00000000       data     static analogs.asm
                    r0x01   0x000001       data     static analogs.asm
                    r0x02   0x000002       data     static analogs.asm
             _compteur_an   0x000161       data     extern analogs.asm
                      _an   0x00014f       data     extern analogs.asm
              _maj_result   0x002b52    program     extern analogs.asm
       _init_adconversion   0x002d82    program     extern analogs.asm
                  _depart   0x000140       data     extern moteursetjack.asm
                _ticoutac   0x000141       data     extern moteursetjack.asm
               _mot1_sens   0x000142       data     extern moteursetjack.asm
           _mot1_position   0x000143       data     extern moteursetjack.asm
           _mot2_position   0x000144       data     extern moteursetjack.asm
          _mot1_pos_visee   0x000145       data     extern moteursetjack.asm
          _mot2_pos_visee   0x000146       data     extern moteursetjack.asm
            _compteur_mot   0x000147       data     extern moteursetjack.asm
                    r0x00   00000000       data     static moteursetjack.asm
                    r0x01   0x000001       data     static moteursetjack.asm
                    r0x02   0x000002       data     static moteursetjack.asm
                    r0x03   0x000003       data     static moteursetjack.asm
             _etat_moteur   0x000154       data     extern moteursetjack.asm
              _mot1_phase   0x000162       data     extern moteursetjack.asm
 _moteursetjack_ints_tmr0   0x0028a2    program     extern moteursetjack.asm
               _00224_DS_   0x00290c    program     static moteursetjack.asm
               _00225_DS_   0x002958    program     static moteursetjack.asm
               _10223_DS_   0x002960    program     static moteursetjack.asm
               _00253_DS_   0x00296c    program     static moteursetjack.asm
               _00227_DS_   0x00297c    program     static moteursetjack.asm
               _00228_DS_   0x002980    program     static moteursetjack.asm
               _00230_DS_   0x0029e6    program     static moteursetjack.asm
               _00240_DS_   0x0029ee    program     static moteursetjack.asm
               _00237_DS_   0x002a00    program     static moteursetjack.asm
               _00243_DS_   0x002a04    program     static moteursetjack.asm
 _moteursetjack_ints_INT2   0x002db0    program     extern moteursetjack.asm
 _moteursetjack_ints_INT1   0x002dda    program     extern moteursetjack.asm
               _00209_DS_   0x002dee    program     static moteursetjack.asm
 _moteursetjack_ints_INT0   0x002e5e    program     extern moteursetjack.asm
_moteursetjack_ints_RB_haut   0x002bd8    program     extern moteursetjack.asm
_moteursetjack_ints_RB_bas   0x002c92    program     extern moteursetjack.asm
            _ordre_moteur   0x002694    program     extern moteursetjack.asm
               _00110_DS_   0x0026cc    program     static moteursetjack.asm
               _00111_DS_   0x0026d2    program     static moteursetjack.asm
               _00113_DS_   0x0026dc    program     static moteursetjack.asm
               _00114_DS_   0x0026e2    program     static moteursetjack.asm
               _00175_DS_   0x0026ea    program     static moteursetjack.asm
               _00129_DS_   0x0026f0    program     static moteursetjack.asm
               _00122_DS_   0x002706    program     static moteursetjack.asm
               _00118_DS_   0x002718    program     static moteursetjack.asm
               _00116_DS_   0x002736    program     static moteursetjack.asm
               _00124_DS_   0x00273c    program     static moteursetjack.asm
               _00125_DS_   0x0027c2    program     static moteursetjack.asm
               _00127_DS_   0x0027ec    program     static moteursetjack.asm
               _00133_DS_   0x0027fc    program     static moteursetjack.asm
               _00135_DS_   0x00280e    program     static moteursetjack.asm
               _00138_DS_   0x002814    program     static moteursetjack.asm
               _00140_DS_   0x002832    program     static moteursetjack.asm
               _00141_DS_   0x002836    program     static moteursetjack.asm
               _00145_DS_   0x00283e    program     static moteursetjack.asm
               _00146_DS_   0x00287c    program     static moteursetjack.asm
               _00147_DS_   0x002882    program     static moteursetjack.asm
               _00148_DS_   0x002888    program     static moteursetjack.asm
               _00152_DS_   0x00288c    program     static moteursetjack.asm
      _init_moteursetjack   0x002d52    program     extern moteursetjack.asm
                  _ep_bdt   0x000400       data     extern usb.asm
          _dummy_function   0x000500    program     extern usb.asm
  _usb_active_alt_setting   0x00005d       data     extern boot_iface.asm
          _usb_active_cfg   0x00005e       data     extern boot_iface.asm
        _usb_device_state   0x00005f       data     extern boot_iface.asm
         _boot_goto_table   0x00001c    program     extern boot_iface.asm
            _boot_version   0x00001c    program     extern boot_iface.asm
      _dispatch_usb_event   0x00001e    program     extern boot_iface.asm
               _reset_usb   0x000022    program     extern boot_iface.asm
               _usb_sleep   0x000026    program     extern boot_iface.asm
          _fill_in_buffer   0x00002a    program     extern boot_iface.asm
                _ep0_init   0x00002e    program     extern boot_iface.asm
                  _ep0_in   0x000032    program     extern boot_iface.asm
               _ep0_setup   0x000036    program     extern boot_iface.asm
                _ep1_init   0x00003a    program     extern boot_iface.asm
                 _ep1_out   0x00003e    program     extern boot_iface.asm
                _ep2_init   0x000042    program     extern boot_iface.asm
                  _ep2_in   0x000046    program     extern boot_iface.asm
                __mullong   0x00004a    program     extern boot_iface.asm
                 __mulint   0x00004e    program     extern boot_iface.asm
               __gptrget1   0x000052    program     extern boot_iface.asm
               __gptrget2   0x000056    program     extern boot_iface.asm
               __gptrget3   0x00005a    program     extern boot_iface.asm
               __gptrget4   0x00005e    program     extern boot_iface.asm
               __gptrput1   0x000062    program     extern boot_iface.asm
               __gptrput2   0x000066    program     extern boot_iface.asm
               __gptrput3   0x00006a    program     extern boot_iface.asm
             _delay10ktcy   0x00006e    program     extern boot_iface.asm
              _delay1ktcy   0x000072    program     extern boot_iface.asm
              _delay10tcy   0x000076    program     extern boot_iface.asm
                 _SPPDATA   0x000f62       data     extern ../build/libdev/pic18f4550.asm
             _SPPDATAbits   0x000f62       data     extern ../build/libdev/pic18f4550.asm
                  _SPPCFG   0x000f63       data     extern ../build/libdev/pic18f4550.asm
              _SPPCFGbits   0x000f63       data     extern ../build/libdev/pic18f4550.asm
                  _SPPEPS   0x000f64       data     extern ../build/libdev/pic18f4550.asm
              _SPPEPSbits   0x000f64       data     extern ../build/libdev/pic18f4550.asm
                  _SPPCON   0x000f65       data     extern ../build/libdev/pic18f4550.asm
              _SPPCONbits   0x000f65       data     extern ../build/libdev/pic18f4550.asm
                   _UFRML   0x000f66       data     extern ../build/libdev/pic18f4550.asm
               _UFRMLbits   0x000f66       data     extern ../build/libdev/pic18f4550.asm
                   _UFRMH   0x000f67       data     extern ../build/libdev/pic18f4550.asm
               _UFRMHbits   0x000f67       data     extern ../build/libdev/pic18f4550.asm
                     _UIR   0x000f68       data     extern ../build/libdev/pic18f4550.asm
                 _UIRbits   0x000f68       data     extern ../build/libdev/pic18f4550.asm
                     _UIE   0x000f69       data     extern ../build/libdev/pic18f4550.asm
                 _UIEbits   0x000f69       data     extern ../build/libdev/pic18f4550.asm
                    _UEIR   0x000f6a       data     extern ../build/libdev/pic18f4550.asm
                _UEIRbits   0x000f6a       data     extern ../build/libdev/pic18f4550.asm
                    _UEIE   0x000f6b       data     extern ../build/libdev/pic18f4550.asm
                _UEIEbits   0x000f6b       data     extern ../build/libdev/pic18f4550.asm
                   _USTAT   0x000f6c       data     extern ../build/libdev/pic18f4550.asm
               _USTATbits   0x000f6c       data     extern ../build/libdev/pic18f4550.asm
                    _UCON   0x000f6d       data     extern ../build/libdev/pic18f4550.asm
                _UCONbits   0x000f6d       data     extern ../build/libdev/pic18f4550.asm
                   _UADDR   0x000f6e       data     extern ../build/libdev/pic18f4550.asm
               _UADDRbits   0x000f6e       data     extern ../build/libdev/pic18f4550.asm
                    _UCFG   0x000f6f       data     extern ../build/libdev/pic18f4550.asm
                _UCFGbits   0x000f6f       data     extern ../build/libdev/pic18f4550.asm
                    _UEP0   0x000f70       data     extern ../build/libdev/pic18f4550.asm
                _UEP0bits   0x000f70       data     extern ../build/libdev/pic18f4550.asm
                    _UEP1   0x000f71       data     extern ../build/libdev/pic18f4550.asm
                _UEP1bits   0x000f71       data     extern ../build/libdev/pic18f4550.asm
                    _UEP2   0x000f72       data     extern ../build/libdev/pic18f4550.asm
                _UEP2bits   0x000f72       data     extern ../build/libdev/pic18f4550.asm
                    _UEP3   0x000f73       data     extern ../build/libdev/pic18f4550.asm
                _UEP3bits   0x000f73       data     extern ../build/libdev/pic18f4550.asm
                    _UEP4   0x000f74       data     extern ../build/libdev/pic18f4550.asm
                _UEP4bits   0x000f74       data     extern ../build/libdev/pic18f4550.asm
                    _UEP5   0x000f75       data     extern ../build/libdev/pic18f4550.asm
                _UEP5bits   0x000f75       data     extern ../build/libdev/pic18f4550.asm
                    _UEP6   0x000f76       data     extern ../build/libdev/pic18f4550.asm
                _UEP6bits   0x000f76       data     extern ../build/libdev/pic18f4550.asm
                    _UEP7   0x000f77       data     extern ../build/libdev/pic18f4550.asm
                _UEP7bits   0x000f77       data     extern ../build/libdev/pic18f4550.asm
                    _UEP8   0x000f78       data     extern ../build/libdev/pic18f4550.asm
                _UEP8bits   0x000f78       data     extern ../build/libdev/pic18f4550.asm
                    _UEP9   0x000f79       data     extern ../build/libdev/pic18f4550.asm
                _UEP9bits   0x000f79       data     extern ../build/libdev/pic18f4550.asm
                   _UEP10   0x000f7a       data     extern ../build/libdev/pic18f4550.asm
               _UEP10bits   0x000f7a       data     extern ../build/libdev/pic18f4550.asm
                   _UEP11   0x000f7b       data     extern ../build/libdev/pic18f4550.asm
               _UEP11bits   0x000f7b       data     extern ../build/libdev/pic18f4550.asm
                   _UEP12   0x000f7c       data     extern ../build/libdev/pic18f4550.asm
               _UEP12bits   0x000f7c       data     extern ../build/libdev/pic18f4550.asm
                   _UEP13   0x000f7d       data     extern ../build/libdev/pic18f4550.asm
               _UEP13bits   0x000f7d       data     extern ../build/libdev/pic18f4550.asm
                   _UEP14   0x000f7e       data     extern ../build/libdev/pic18f4550.asm
               _UEP14bits   0x000f7e       data     extern ../build/libdev/pic18f4550.asm
                   _UEP15   0x000f7f       data     extern ../build/libdev/pic18f4550.asm
               _UEP15bits   0x000f7f       data     extern ../build/libdev/pic18f4550.asm
                   _PORTA   0x000f80       data     extern ../build/libdev/pic18f4550.asm
               _PORTAbits   0x000f80       data     extern ../build/libdev/pic18f4550.asm
                   _PORTB   0x000f81       data     extern ../build/libdev/pic18f4550.asm
               _PORTBbits   0x000f81       data     extern ../build/libdev/pic18f4550.asm
                   _PORTC   0x000f82       data     extern ../build/libdev/pic18f4550.asm
               _PORTCbits   0x000f82       data     extern ../build/libdev/pic18f4550.asm
                   _PORTD   0x000f83       data     extern ../build/libdev/pic18f4550.asm
               _PORTDbits   0x000f83       data     extern ../build/libdev/pic18f4550.asm
                   _PORTE   0x000f84       data     extern ../build/libdev/pic18f4550.asm
               _PORTEbits   0x000f84       data     extern ../build/libdev/pic18f4550.asm
                    _LATA   0x000f89       data     extern ../build/libdev/pic18f4550.asm
                _LATAbits   0x000f89       data     extern ../build/libdev/pic18f4550.asm
                    _LATB   0x000f8a       data     extern ../build/libdev/pic18f4550.asm
                _LATBbits   0x000f8a       data     extern ../build/libdev/pic18f4550.asm
                    _LATC   0x000f8b       data     extern ../build/libdev/pic18f4550.asm
                _LATCbits   0x000f8b       data     extern ../build/libdev/pic18f4550.asm
                    _LATD   0x000f8c       data     extern ../build/libdev/pic18f4550.asm
                _LATDbits   0x000f8c       data     extern ../build/libdev/pic18f4550.asm
                    _LATE   0x000f8d       data     extern ../build/libdev/pic18f4550.asm
                _LATEbits   0x000f8d       data     extern ../build/libdev/pic18f4550.asm
                   _TRISA   0x000f92       data     extern ../build/libdev/pic18f4550.asm
               _TRISAbits   0x000f92       data     extern ../build/libdev/pic18f4550.asm
                   _TRISB   0x000f93       data     extern ../build/libdev/pic18f4550.asm
               _TRISBbits   0x000f93       data     extern ../build/libdev/pic18f4550.asm
                   _TRISC   0x000f94       data     extern ../build/libdev/pic18f4550.asm
               _TRISCbits   0x000f94       data     extern ../build/libdev/pic18f4550.asm
                   _TRISD   0x000f95       data     extern ../build/libdev/pic18f4550.asm
               _TRISDbits   0x000f95       data     extern ../build/libdev/pic18f4550.asm
                   _TRISE   0x000f96       data     extern ../build/libdev/pic18f4550.asm
               _TRISEbits   0x000f96       data     extern ../build/libdev/pic18f4550.asm
                 _OSCTUNE   0x000f9b       data     extern ../build/libdev/pic18f4550.asm
             _OSCTUNEbits   0x000f9b       data     extern ../build/libdev/pic18f4550.asm
                    _PIE1   0x000f9d       data     extern ../build/libdev/pic18f4550.asm
                _PIE1bits   0x000f9d       data     extern ../build/libdev/pic18f4550.asm
                    _PIR1   0x000f9e       data     extern ../build/libdev/pic18f4550.asm
                _PIR1bits   0x000f9e       data     extern ../build/libdev/pic18f4550.asm
                    _IPR1   0x000f9f       data     extern ../build/libdev/pic18f4550.asm
                _IPR1bits   0x000f9f       data     extern ../build/libdev/pic18f4550.asm
                    _PIE2   0x000fa0       data     extern ../build/libdev/pic18f4550.asm
                _PIE2bits   0x000fa0       data     extern ../build/libdev/pic18f4550.asm
                    _PIR2   0x000fa1       data     extern ../build/libdev/pic18f4550.asm
                _PIR2bits   0x000fa1       data     extern ../build/libdev/pic18f4550.asm
                    _IPR2   0x000fa2       data     extern ../build/libdev/pic18f4550.asm
                _IPR2bits   0x000fa2       data     extern ../build/libdev/pic18f4550.asm
                  _EECON1   0x000fa6       data     extern ../build/libdev/pic18f4550.asm
              _EECON1bits   0x000fa6       data     extern ../build/libdev/pic18f4550.asm
                  _EECON2   0x000fa7       data     extern ../build/libdev/pic18f4550.asm
                  _EEDATA   0x000fa8       data     extern ../build/libdev/pic18f4550.asm
                   _EEADR   0x000fa9       data     extern ../build/libdev/pic18f4550.asm
                   _RCSTA   0x000fab       data     extern ../build/libdev/pic18f4550.asm
               _RCSTAbits   0x000fab       data     extern ../build/libdev/pic18f4550.asm
                   _TXSTA   0x000fac       data     extern ../build/libdev/pic18f4550.asm
               _TXSTAbits   0x000fac       data     extern ../build/libdev/pic18f4550.asm
                   _TXREG   0x000fad       data     extern ../build/libdev/pic18f4550.asm
                   _RCREG   0x000fae       data     extern ../build/libdev/pic18f4550.asm
                   _SPBRG   0x000faf       data     extern ../build/libdev/pic18f4550.asm
                  _SPBRGH   0x000fb0       data     extern ../build/libdev/pic18f4550.asm
                   _T3CON   0x000fb1       data     extern ../build/libdev/pic18f4550.asm
               _T3CONbits   0x000fb1       data     extern ../build/libdev/pic18f4550.asm
                   _TMR3L   0x000fb2       data     extern ../build/libdev/pic18f4550.asm
                   _TMR3H   0x000fb3       data     extern ../build/libdev/pic18f4550.asm
                   _CMCON   0x000fb4       data     extern ../build/libdev/pic18f4550.asm
               _CMCONbits   0x000fb4       data     extern ../build/libdev/pic18f4550.asm
                  _CVRCON   0x000fb5       data     extern ../build/libdev/pic18f4550.asm
              _CVRCONbits   0x000fb5       data     extern ../build/libdev/pic18f4550.asm
                 _ECCP1AS   0x000fb6       data     extern ../build/libdev/pic18f4550.asm
             _ECCP1ASbits   0x000fb6       data     extern ../build/libdev/pic18f4550.asm
                _ECCP1DEL   0x000fb7       data     extern ../build/libdev/pic18f4550.asm
            _ECCP1DELbits   0x000fb7       data     extern ../build/libdev/pic18f4550.asm
                 _BAUDCON   0x000fb8       data     extern ../build/libdev/pic18f4550.asm
             _BAUDCONbits   0x000fb8       data     extern ../build/libdev/pic18f4550.asm
                 _CCP2CON   0x000fba       data     extern ../build/libdev/pic18f4550.asm
             _CCP2CONbits   0x000fba       data     extern ../build/libdev/pic18f4550.asm
                  _CCPR2L   0x000fbb       data     extern ../build/libdev/pic18f4550.asm
                  _CCPR2H   0x000fbc       data     extern ../build/libdev/pic18f4550.asm
                 _CCP1CON   0x000fbd       data     extern ../build/libdev/pic18f4550.asm
             _CCP1CONbits   0x000fbd       data     extern ../build/libdev/pic18f4550.asm
                  _CCPR1L   0x000fbe       data     extern ../build/libdev/pic18f4550.asm
                  _CCPR1H   0x000fbf       data     extern ../build/libdev/pic18f4550.asm
                  _ADCON2   0x000fc0       data     extern ../build/libdev/pic18f4550.asm
              _ADCON2bits   0x000fc0       data     extern ../build/libdev/pic18f4550.asm
                  _ADCON1   0x000fc1       data     extern ../build/libdev/pic18f4550.asm
              _ADCON1bits   0x000fc1       data     extern ../build/libdev/pic18f4550.asm
                  _ADCON0   0x000fc2       data     extern ../build/libdev/pic18f4550.asm
              _ADCON0bits   0x000fc2       data     extern ../build/libdev/pic18f4550.asm
                  _ADRESL   0x000fc3       data     extern ../build/libdev/pic18f4550.asm
                  _ADRESH   0x000fc4       data     extern ../build/libdev/pic18f4550.asm
                 _SSPCON2   0x000fc5       data     extern ../build/libdev/pic18f4550.asm
             _SSPCON2bits   0x000fc5       data     extern ../build/libdev/pic18f4550.asm
                 _SSPCON1   0x000fc6       data     extern ../build/libdev/pic18f4550.asm
             _SSPCON1bits   0x000fc6       data     extern ../build/libdev/pic18f4550.asm
                 _SSPSTAT   0x000fc7       data     extern ../build/libdev/pic18f4550.asm
             _SSPSTATbits   0x000fc7       data     extern ../build/libdev/pic18f4550.asm
                  _SSPADD   0x000fc8       data     extern ../build/libdev/pic18f4550.asm
                  _SSPBUF   0x000fc9       data     extern ../build/libdev/pic18f4550.asm
                   _T2CON   0x000fca       data     extern ../build/libdev/pic18f4550.asm
               _T2CONbits   0x000fca       data     extern ../build/libdev/pic18f4550.asm
                     _PR2   0x000fcb       data     extern ../build/libdev/pic18f4550.asm
                    _TMR2   0x000fcc       data     extern ../build/libdev/pic18f4550.asm
                   _T1CON   0x000fcd       data     extern ../build/libdev/pic18f4550.asm
               _T1CONbits   0x000fcd       data     extern ../build/libdev/pic18f4550.asm
                   _TMR1L   0x000fce       data     extern ../build/libdev/pic18f4550.asm
                   _TMR1H   0x000fcf       data     extern ../build/libdev/pic18f4550.asm
                    _RCON   0x000fd0       data     extern ../build/libdev/pic18f4550.asm
                _RCONbits   0x000fd0       data     extern ../build/libdev/pic18f4550.asm
                  _WDTCON   0x000fd1       data     extern ../build/libdev/pic18f4550.asm
              _WDTCONbits   0x000fd1       data     extern ../build/libdev/pic18f4550.asm
                 _HLVDCON   0x000fd2       data     extern ../build/libdev/pic18f4550.asm
             _HLVDCONbits   0x000fd2       data     extern ../build/libdev/pic18f4550.asm
                  _OSCCON   0x000fd3       data     extern ../build/libdev/pic18f4550.asm
              _OSCCONbits   0x000fd3       data     extern ../build/libdev/pic18f4550.asm
                   _T0CON   0x000fd5       data     extern ../build/libdev/pic18f4550.asm
               _T0CONbits   0x000fd5       data     extern ../build/libdev/pic18f4550.asm
                   _TMR0L   0x000fd6       data     extern ../build/libdev/pic18f4550.asm
                   _TMR0H   0x000fd7       data     extern ../build/libdev/pic18f4550.asm
                  _STATUS   0x000fd8       data     extern ../build/libdev/pic18f4550.asm
              _STATUSbits   0x000fd8       data     extern ../build/libdev/pic18f4550.asm
                   _FSR2L   0x000fd9       data     extern ../build/libdev/pic18f4550.asm
                   _FSR2H   0x000fda       data     extern ../build/libdev/pic18f4550.asm
               _FSR2Hbits   0x000fda       data     extern ../build/libdev/pic18f4550.asm
                  _PLUSW2   0x000fdb       data     extern ../build/libdev/pic18f4550.asm
                 _PREINC2   0x000fdc       data     extern ../build/libdev/pic18f4550.asm
                _POSTDEC2   0x000fdd       data     extern ../build/libdev/pic18f4550.asm
                _POSTINC2   0x000fde       data     extern ../build/libdev/pic18f4550.asm
                   _INDF2   0x000fdf       data     extern ../build/libdev/pic18f4550.asm
                     _BSR   0x000fe0       data     extern ../build/libdev/pic18f4550.asm
                 _BSRbits   0x000fe0       data     extern ../build/libdev/pic18f4550.asm
                   _FSR1L   0x000fe1       data     extern ../build/libdev/pic18f4550.asm
                   _FSR1H   0x000fe2       data     extern ../build/libdev/pic18f4550.asm
               _FSR1Hbits   0x000fe2       data     extern ../build/libdev/pic18f4550.asm
                  _PLUSW1   0x000fe3       data     extern ../build/libdev/pic18f4550.asm
                 _PREINC1   0x000fe4       data     extern ../build/libdev/pic18f4550.asm
                _POSTDEC1   0x000fe5       data     extern ../build/libdev/pic18f4550.asm
                _POSTINC1   0x000fe6       data     extern ../build/libdev/pic18f4550.asm
                   _INDF1   0x000fe7       data     extern ../build/libdev/pic18f4550.asm
                    _WREG   0x000fe8       data     extern ../build/libdev/pic18f4550.asm
                   _FSR0L   0x000fe9       data     extern ../build/libdev/pic18f4550.asm
                   _FSR0H   0x000fea       data     extern ../build/libdev/pic18f4550.asm
               _FSR0Hbits   0x000fea       data     extern ../build/libdev/pic18f4550.asm
                  _PLUSW0   0x000feb       data     extern ../build/libdev/pic18f4550.asm
                 _PREINC0   0x000fec       data     extern ../build/libdev/pic18f4550.asm
                _POSTDEC0   0x000fed       data     extern ../build/libdev/pic18f4550.asm
                _POSTINC0   0x000fee       data     extern ../build/libdev/pic18f4550.asm
                   _INDF0   0x000fef       data     extern ../build/libdev/pic18f4550.asm
                 _INTCON3   0x000ff0       data     extern ../build/libdev/pic18f4550.asm
             _INTCON3bits   0x000ff0       data     extern ../build/libdev/pic18f4550.asm
                 _INTCON2   0x000ff1       data     extern ../build/libdev/pic18f4550.asm
             _INTCON2bits   0x000ff1       data     extern ../build/libdev/pic18f4550.asm
                  _INTCON   0x000ff2       data     extern ../build/libdev/pic18f4550.asm
              _INTCONbits   0x000ff2       data     extern ../build/libdev/pic18f4550.asm
                   _PRODL   0x000ff3       data     extern ../build/libdev/pic18f4550.asm
                   _PRODH   0x000ff4       data     extern ../build/libdev/pic18f4550.asm
                  _TABLAT   0x000ff5       data     extern ../build/libdev/pic18f4550.asm
                 _TBLPTRL   0x000ff6       data     extern ../build/libdev/pic18f4550.asm
                 _TBLPTRH   0x000ff7       data     extern ../build/libdev/pic18f4550.asm
                 _TBLPTRU   0x000ff8       data     extern ../build/libdev/pic18f4550.asm
             _TBLPTRUbits   0x000ff8       data     extern ../build/libdev/pic18f4550.asm
                     _PCL   0x000ff9       data     extern ../build/libdev/pic18f4550.asm
                  _PCLATH   0x000ffa       data     extern ../build/libdev/pic18f4550.asm
              _PCLATHbits   0x000ffa       data     extern ../build/libdev/pic18f4550.asm
                  _PCLATU   0x000ffb       data     extern ../build/libdev/pic18f4550.asm
              _PCLATUbits   0x000ffb       data     extern ../build/libdev/pic18f4550.asm
                  _STKPTR   0x000ffc       data     extern ../build/libdev/pic18f4550.asm
              _STKPTRbits   0x000ffc       data     extern ../build/libdev/pic18f4550.asm
                    _TOSL   0x000ffd       data     extern ../build/libdev/pic18f4550.asm
                    _TOSH   0x000ffe       data     extern ../build/libdev/pic18f4550.asm
                    _TOSU   0x000fff       data     extern ../build/libdev/pic18f4550.asm
                _TOSUbits   0x000fff       data     extern ../build/libdev/pic18f4550.asm
                   _cinit   0x002e8c    program     extern  
 
