gpasm-0.13.4 beta               my_ep2.asm  5-19-2009  21:44:04          PAGE  1


LOC  OBJECT CODE     LINE SOURCE TEXT
  VALUE
 
               00001 ;--------------------------------------------------------
               00002 ; File Created by SDCC : FreeWare ANSI-C Compiler
               00003 ; Version 2.6.1 #4482 (Mar 15 2009)
               00004 ; This file generated Tue May 19 21:44:04 2009
               00005 ;--------------------------------------------------------
               00006 ; PIC16 port for the Microchip 16-bit core micros
               00007 ;--------------------------------------------------------
               00008         list    p=18f4550
               00009 
               00010         radix dec
               00011 
               00012 ;--------------------------------------------------------
               00013 ; public variables in this module
               00014 ;--------------------------------------------------------
               00015         global _mydata
               00016         global _my_ep2_init
               00017         global _my_prepare_ep2_in
               00018         global _my_ep2_in
               00019         global _an_data
               00020         global _ep2_num_bytes_to_send
               00021         global _ep2_source_data
               00022 
               00023 ;--------------------------------------------------------
               00024 ; extern variables in this module
               00025 ;--------------------------------------------------------
               00026         extern _SPPDATAbits
               00027         extern _SPPCFGbits
               00028         extern _SPPEPSbits
               00029         extern _SPPCONbits
               00030         extern _UFRMLbits
               00031         extern _UFRMHbits
               00032         extern _UIRbits
               00033         extern _UIEbits
               00034         extern _UEIRbits
               00035         extern _UEIEbits
               00036         extern _USTATbits
               00037         extern _UCONbits
               00038         extern _UADDRbits
               00039         extern _UCFGbits
               00040         extern _UEP0bits
               00041         extern _UEP1bits
               00042         extern _UEP2bits
               00043         extern _UEP3bits
               00044         extern _UEP4bits
               00045         extern _UEP5bits
               00046         extern _UEP6bits
               00047         extern _UEP7bits
               00048         extern _UEP8bits
               00049         extern _UEP9bits
               00050         extern _UEP10bits
               00051         extern _UEP11bits
               00052         extern _UEP12bits
               00053         extern _UEP13bits
               00054         extern _UEP14bits
gpasm-0.13.4 beta               my_ep2.asm  5-19-2009  21:44:04          PAGE  2


LOC  OBJECT CODE     LINE SOURCE TEXT
  VALUE
 
               00055         extern _UEP15bits
               00056         extern _PORTAbits
               00057         extern _PORTBbits
               00058         extern _PORTCbits
               00059         extern _PORTDbits
               00060         extern _PORTEbits
               00061         extern _LATAbits
               00062         extern _LATBbits
               00063         extern _LATCbits
               00064         extern _LATDbits
               00065         extern _LATEbits
               00066         extern _TRISAbits
               00067         extern _TRISBbits
               00068         extern _TRISCbits
               00069         extern _TRISDbits
               00070         extern _TRISEbits
               00071         extern _OSCTUNEbits
               00072         extern _PIE1bits
               00073         extern _PIR1bits
               00074         extern _IPR1bits
               00075         extern _PIE2bits
               00076         extern _PIR2bits
               00077         extern _IPR2bits
               00078         extern _EECON1bits
               00079         extern _RCSTAbits
               00080         extern _TXSTAbits
               00081         extern _T3CONbits
               00082         extern _CMCONbits
               00083         extern _CVRCONbits
               00084         extern _ECCP1ASbits
               00085         extern _ECCP1DELbits
               00086         extern _BAUDCONbits
               00087         extern _CCP2CONbits
               00088         extern _CCP1CONbits
               00089         extern _ADCON2bits
               00090         extern _ADCON1bits
               00091         extern _ADCON0bits
               00092         extern _SSPCON2bits
               00093         extern _SSPCON1bits
               00094         extern _SSPSTATbits
               00095         extern _T2CONbits
               00096         extern _T1CONbits
               00097         extern _RCONbits
               00098         extern _WDTCONbits
               00099         extern _HLVDCONbits
               00100         extern _OSCCONbits
               00101         extern _T0CONbits
               00102         extern _STATUSbits
               00103         extern _FSR2Hbits
               00104         extern _BSRbits
               00105         extern _FSR1Hbits
               00106         extern _FSR0Hbits
               00107         extern _INTCON3bits
               00108         extern _INTCON2bits
gpasm-0.13.4 beta               my_ep2.asm  5-19-2009  21:44:04          PAGE  3


LOC  OBJECT CODE     LINE SOURCE TEXT
  VALUE
 
               00109         extern _INTCONbits
               00110         extern _TBLPTRUbits
               00111         extern _PCLATHbits
               00112         extern _PCLATUbits
               00113         extern _STKPTRbits
               00114         extern _TOSUbits
               00115         extern _usb_device_state
               00116         extern _usb_active_cfg
               00117         extern _usb_active_alt_setting
               00118         extern _ep_bdt
               00119         extern _SPPDATA
               00120         extern _SPPCFG
               00121         extern _SPPEPS
               00122         extern _SPPCON
               00123         extern _UFRML
               00124         extern _UFRMH
               00125         extern _UIR
               00126         extern _UIE
               00127         extern _UEIR
               00128         extern _UEIE
               00129         extern _USTAT
               00130         extern _UCON
               00131         extern _UADDR
               00132         extern _UCFG
               00133         extern _UEP0
               00134         extern _UEP1
               00135         extern _UEP2
               00136         extern _UEP3
               00137         extern _UEP4
               00138         extern _UEP5
               00139         extern _UEP6
               00140         extern _UEP7
               00141         extern _UEP8
               00142         extern _UEP9
               00143         extern _UEP10
               00144         extern _UEP11
               00145         extern _UEP12
               00146         extern _UEP13
               00147         extern _UEP14
               00148         extern _UEP15
               00149         extern _PORTA
               00150         extern _PORTB
               00151         extern _PORTC
               00152         extern _PORTD
               00153         extern _PORTE
               00154         extern _LATA
               00155         extern _LATB
               00156         extern _LATC
               00157         extern _LATD
               00158         extern _LATE
               00159         extern _TRISA
               00160         extern _TRISB
               00161         extern _TRISC
               00162         extern _TRISD
gpasm-0.13.4 beta               my_ep2.asm  5-19-2009  21:44:04          PAGE  4


LOC  OBJECT CODE     LINE SOURCE TEXT
  VALUE
 
               00163         extern _TRISE
               00164         extern _OSCTUNE
               00165         extern _PIE1
               00166         extern _PIR1
               00167         extern _IPR1
               00168         extern _PIE2
               00169         extern _PIR2
               00170         extern _IPR2
               00171         extern _EECON1
               00172         extern _EECON2
               00173         extern _EEDATA
               00174         extern _EEADR
               00175         extern _RCSTA
               00176         extern _TXSTA
               00177         extern _TXREG
               00178         extern _RCREG
               00179         extern _SPBRG
               00180         extern _SPBRGH
               00181         extern _T3CON
               00182         extern _TMR3L
               00183         extern _TMR3H
               00184         extern _CMCON
               00185         extern _CVRCON
               00186         extern _ECCP1AS
               00187         extern _ECCP1DEL
               00188         extern _BAUDCON
               00189         extern _CCP2CON
               00190         extern _CCPR2L
               00191         extern _CCPR2H
               00192         extern _CCP1CON
               00193         extern _CCPR1L
               00194         extern _CCPR1H
               00195         extern _ADCON2
               00196         extern _ADCON1
               00197         extern _ADCON0
               00198         extern _ADRESL
               00199         extern _ADRESH
               00200         extern _SSPCON2
               00201         extern _SSPCON1
               00202         extern _SSPSTAT
               00203         extern _SSPADD
               00204         extern _SSPBUF
               00205         extern _T2CON
               00206         extern _PR2
               00207         extern _TMR2
               00208         extern _T1CON
               00209         extern _TMR1L
               00210         extern _TMR1H
               00211         extern _RCON
               00212         extern _WDTCON
               00213         extern _HLVDCON
               00214         extern _OSCCON
               00215         extern _T0CON
               00216         extern _TMR0L
gpasm-0.13.4 beta               my_ep2.asm  5-19-2009  21:44:04          PAGE  5


LOC  OBJECT CODE     LINE SOURCE TEXT
  VALUE
 
               00217         extern _TMR0H
               00218         extern _STATUS
               00219         extern _FSR2L
               00220         extern _FSR2H
               00221         extern _PLUSW2
               00222         extern _PREINC2
               00223         extern _POSTDEC2
               00224         extern _POSTINC2
               00225         extern _INDF2
               00226         extern _BSR
               00227         extern _FSR1L
               00228         extern _FSR1H
               00229         extern _PLUSW1
               00230         extern _PREINC1
               00231         extern _POSTDEC1
               00232         extern _POSTINC1
               00233         extern _INDF1
               00234         extern _WREG
               00235         extern _FSR0L
               00236         extern _FSR0H
               00237         extern _PLUSW0
               00238         extern _PREINC0
               00239         extern _POSTDEC0
               00240         extern _POSTINC0
               00241         extern _INDF0
               00242         extern _INTCON3
               00243         extern _INTCON2
               00244         extern _INTCON
               00245         extern _PRODL
               00246         extern _PRODH
               00247         extern _TABLAT
               00248         extern _TBLPTRL
               00249         extern _TBLPTRH
               00250         extern _TBLPTRU
               00251         extern _PCL
               00252         extern _PCLATH
               00253         extern _PCLATU
               00254         extern _STKPTR
               00255         extern _TOSL
               00256         extern _TOSH
               00257         extern _TOSU
               00258         extern _fill_in_buffer
               00259         extern _device_descriptor
               00260         extern _configuration_descriptor
               00261         extern _string_descriptor
               00262         extern _str0
               00263         extern _str1
               00264         extern _str2
               00265         extern _str3
               00266         extern _ep_init
               00267         extern _ep_in
               00268         extern _ep_out
               00269         extern _ep_setup
               00270 ;--------------------------------------------------------
gpasm-0.13.4 beta               my_ep2.asm  5-19-2009  21:44:04          PAGE  6


LOC  OBJECT CODE     LINE SOURCE TEXT
  VALUE
 
               00271 ;       Equates to used internal registers
               00272 ;--------------------------------------------------------
  00000FD8     00273 STATUS  equ     0xfd8
  00000FE1     00274 FSR1L   equ     0xfe1
  00000FD9     00275 FSR2L   equ     0xfd9
  00000FE5     00276 POSTDEC1        equ     0xfe5
  00000FE4     00277 PREINC1 equ     0xfe4
               00278 
               00279 
               00280 ; Internal registers
               00281 .registers      udata_ovr       0x0000
               00282 r0x00   res     1
               00283 r0x01   res     1
               00284 r0x02   res     1
               00285 r0x03   res     1
               00286 r0x04   res     1
               00287 
               00288 udata_my_ep2_0  udata
               00289 _last_send_was_null     res     1
               00290 
               00291 udata_my_ep2_1  udata
               00292 _mydata res     3
               00293 
               00294 udata_my_ep2_2  udata
               00295 _an_data        res     64
               00296 
               00297 udata_my_ep2_3  udata
               00298 _ep2_num_bytes_to_send  res     2
               00299 
               00300 udata_my_ep2_4  udata
               00301 _ep2_source_data        res     3
               00302 
               00303 ;--------------------------------------------------------
               00304 ; global & static initialisations
               00305 ;--------------------------------------------------------
               00306 ; I code from now on!
               00307 ; ; Starting pCode block
               00308 S_my_ep2__my_ep2_in     code
0000           00309 _my_ep2_in:
               00310 ;       .line   51; my_ep2.c    void my_ep2_in(void)
0000 C000 FFE5 00311         MOVFF   r0x00, POSTDEC1
0004 C000 FFE5 00312         MOVFF   r0x01, POSTDEC1
0008 C000 FFE5 00313         MOVFF   r0x02, POSTDEC1
000C C000 FFE5 00314         MOVFF   r0x03, POSTDEC1
0010 C000 FFE5 00315         MOVFF   r0x04, POSTDEC1
0014 0000      00316         BANKSEL _ep2_num_bytes_to_send
               00317 ;       .line   53; my_ep2.c    if((ep2_num_bytes_to_send == 0) && last_send_was_null)
0016 5100      00318         MOVF    _ep2_num_bytes_to_send, W, B
               00319 ; removed redundant BANKSEL
0018 1100      00320         IORWF   (_ep2_num_bytes_to_send + 1), W, B
001A E100      00321         BNZ     _00122_DS_
               00322 ; #     MOVF    _last_send_was_null, W, B
               00323 ; #     BTFSC   STATUS, 2
               00324 ; #     GOTO    _00122_DS_
gpasm-0.13.4 beta               my_ep2.asm  5-19-2009  21:44:04          PAGE  7


LOC  OBJECT CODE     LINE SOURCE TEXT
  VALUE
 
               00325 ; #     GOTO    _00127_DS_
               00326 ; #     MOVLW   0x00
               00327 ; ;     peep 1 - test/jump to test/skip
001C 0000      00328         BANKSEL _last_send_was_null
               00329 ;       .line   57; my_ep2.c    return;
001E 5100      00330         MOVF    _last_send_was_null, W, B
               00331 ;       .line   59; my_ep2.c    last_send_was_null = (ep2_num_bytes_to_send < MY_EP2_BUFFER_SIZE);
0020 A4D8      00332         BTFSS   STATUS, 2
0022 D000      00333         BRA     _00127_DS_
0024           00334 _00122_DS_:
0024 0E00      00335         MOVLW   0x00
0026 0000      00336         BANKSEL (_ep2_num_bytes_to_send + 1)
0028 5D00      00337         SUBWF   (_ep2_num_bytes_to_send + 1), W, B
002A E100      00338         BNZ     _00133_DS_
002C 0E40      00339         MOVLW   0x40
               00340 ; removed redundant BANKSEL
002E 5D00      00341         SUBWF   _ep2_num_bytes_to_send, W, B
0030           00342 _00133_DS_:
0030 70D8      00343         BTG     STATUS, 0
0032 0000      00344         BANKSEL _last_send_was_null
0034 6B00      00345         CLRF    _last_send_was_null, B
0036 3700      00346         RLCF    _last_send_was_null, F, B
               00347 ; #     MOVF    _ep2_num_bytes_to_send, W, B
               00348 ; #     MOVWF   r0x00
               00349 ; #     MOVF    r0x00, W
               00350 ; ;     peep 9c - Removed redundant move
0038 0000      00351         BANKSEL _ep2_num_bytes_to_send
               00352 ;       .line   60; my_ep2.c    EP_IN_BD(2).Cnt = ep2_num_bytes_to_send;
003A 5100      00353         MOVF    _ep2_num_bytes_to_send, W, B
003C 0000      00354         BANKSEL (_ep_bdt + 21)
003E 6F00      00355         MOVWF   (_ep_bdt + 21), B
               00356 ;       .line   61; my_ep2.c    fill_in_buffer(2, &ep2_source_data, MY_EP2_BUFFER_SIZE, &ep2_num_bytes_to_send);
0040 0E00      00357         MOVLW   HIGH(_ep2_source_data)
0042 6E00      00358         MOVWF   r0x01
0044 0E00      00359         MOVLW   LOW(_ep2_source_data)
0046 6E00      00360         MOVWF   r0x00
0048 0E80      00361         MOVLW   0x80
004A 6E00      00362         MOVWF   r0x02
004C 0E00      00363         MOVLW   HIGH(_ep2_num_bytes_to_send)
004E 6E00      00364         MOVWF   r0x04
0050 0E00      00365         MOVLW   LOW(_ep2_num_bytes_to_send)
0052 6E00      00366         MOVWF   r0x03
0054 0E80      00367         MOVLW   0x80
               00368 ; #     MOVWF   r0x05
               00369 ; #     MOVF    r0x05, W
               00370 ; ;     peep 2 - Removed redundant move
0056 6EE5      00371         MOVWF   POSTDEC1
0058 5000      00372         MOVF    r0x04, W
005A 6EE5      00373         MOVWF   POSTDEC1
005C 5000      00374         MOVF    r0x03, W
005E 6EE5      00375         MOVWF   POSTDEC1
0060 6AE5      00376         CLRF    POSTDEC1
0062 0E40      00377         MOVLW   0x40
0064 6EE5      00378         MOVWF   POSTDEC1
gpasm-0.13.4 beta               my_ep2.asm  5-19-2009  21:44:04          PAGE  8


LOC  OBJECT CODE     LINE SOURCE TEXT
  VALUE
 
0066 5000      00379         MOVF    r0x02, W
0068 6EE5      00380         MOVWF   POSTDEC1
006A 5000      00381         MOVF    r0x01, W
006C 6EE5      00382         MOVWF   POSTDEC1
006E 5000      00383         MOVF    r0x00, W
0070 6EE5      00384         MOVWF   POSTDEC1
0072 0E02      00385         MOVLW   0x02
0074 6EE5      00386         MOVWF   POSTDEC1
0076 EC00 F000 00387         CALL    _fill_in_buffer
007A 0E09      00388         MOVLW   0x09
007C 26E1      00389         ADDWF   FSR1L, F
007E 0000      00390         BANKSEL (_ep_bdt + 20)
               00391 ;       .line   62; my_ep2.c    if(EP_IN_BD(2).Stat.DTS == 0)
0080 BD00      00392         BTFSC   (_ep_bdt + 20), 6, B
0082 D000      00393         BRA     _00125_DS_
               00394 ;       .line   64; my_ep2.c    EP_IN_BD(2).Stat.uc = BDS_USIE | BDS_DAT1 | BDS_DTSEN;
0084 0EC8      00395         MOVLW   0xc8
               00396 ; removed redundant BANKSEL
0086 6F00      00397         MOVWF   (_ep_bdt + 20), B
0088 D000      00398         BRA     _00127_DS_
008A           00399 _00125_DS_:
               00400 ;       .line   68; my_ep2.c    EP_IN_BD(2).Stat.uc = BDS_USIE | BDS_DAT0 | BDS_DTSEN;
008A 0E88      00401         MOVLW   0x88
008C 0000      00402         BANKSEL (_ep_bdt + 20)
008E 6F00      00403         MOVWF   (_ep_bdt + 20), B
0090           00404 _00127_DS_:
0090 CFE4 F000 00405         MOVFF   PREINC1, r0x04
0094 CFE4 F000 00406         MOVFF   PREINC1, r0x03
0098 CFE4 F000 00407         MOVFF   PREINC1, r0x02
009C CFE4 F000 00408         MOVFF   PREINC1, r0x01
00A0 CFE4 F000 00409         MOVFF   PREINC1, r0x00
00A4 0012      00410         RETURN  
               00411 
               00412 ; ; Starting pCode block
               00413 S_my_ep2__my_prepare_ep2_in     code
0000           00414 _my_prepare_ep2_in:
               00415 ;       .line   35; my_ep2.c    void my_prepare_ep2_in(void)
0000 C000 FFE5 00416         MOVFF   r0x00, POSTDEC1
0004 C000 FFE5 00417         MOVFF   r0x01, POSTDEC1
0008 C000 FFE5 00418         MOVFF   r0x02, POSTDEC1
000C C000 FFE5 00419         MOVFF   r0x03, POSTDEC1
0010 C000 FFE5 00420         MOVFF   r0x04, POSTDEC1
               00421 ;       .line   37; my_ep2.c    last_send_was_null = (ep2_num_bytes_to_send < MY_EP2_BUFFER_SIZE);
0014 0E00      00422         MOVLW   0x00
0016 0000      00423         BANKSEL (_ep2_num_bytes_to_send + 1)
0018 5D00      00424         SUBWF   (_ep2_num_bytes_to_send + 1), W, B
001A E100      00425         BNZ     _00116_DS_
001C 0E40      00426         MOVLW   0x40
               00427 ; removed redundant BANKSEL
001E 5D00      00428         SUBWF   _ep2_num_bytes_to_send, W, B
0020           00429 _00116_DS_:
0020 70D8      00430         BTG     STATUS, 0
0022 0000      00431         BANKSEL _last_send_was_null
0024 6B00      00432         CLRF    _last_send_was_null, B
gpasm-0.13.4 beta               my_ep2.asm  5-19-2009  21:44:04          PAGE  9


LOC  OBJECT CODE     LINE SOURCE TEXT
  VALUE
 
0026 3700      00433         RLCF    _last_send_was_null, F, B
               00434 ; #     MOVF    _ep2_num_bytes_to_send, W, B
               00435 ; #     MOVWF   r0x00
               00436 ; #     MOVF    r0x00, W
               00437 ; ;     peep 9c - Removed redundant move
0028 0000      00438         BANKSEL _ep2_num_bytes_to_send
               00439 ;       .line   38; my_ep2.c    EP_IN_BD(2).Cnt = ep2_num_bytes_to_send;
002A 5100      00440         MOVF    _ep2_num_bytes_to_send, W, B
002C 0000      00441         BANKSEL (_ep_bdt + 21)
002E 6F00      00442         MOVWF   (_ep_bdt + 21), B
               00443 ;       .line   39; my_ep2.c    EP_IN_BD(2).ADR = (uchar __data *)&ep2_InBuffer;
0030 0E40      00444         MOVLW   0x40
               00445 ; removed redundant BANKSEL
0032 6F00      00446         MOVWF   (_ep_bdt + 22), B
0034 0E05      00447         MOVLW   0x05
               00448 ; removed redundant BANKSEL
0036 6F00      00449         MOVWF   (_ep_bdt + 23), B
               00450 ;       .line   40; my_ep2.c    fill_in_buffer(2, &ep2_source_data, MY_EP2_BUFFER_SIZE, &ep2_num_bytes_to_send);
0038 0E00      00451         MOVLW   HIGH(_ep2_source_data)
003A 6E00      00452         MOVWF   r0x01
003C 0E00      00453         MOVLW   LOW(_ep2_source_data)
003E 6E00      00454         MOVWF   r0x00
0040 0E80      00455         MOVLW   0x80
0042 6E00      00456         MOVWF   r0x02
0044 0E00      00457         MOVLW   HIGH(_ep2_num_bytes_to_send)
0046 6E00      00458         MOVWF   r0x04
0048 0E00      00459         MOVLW   LOW(_ep2_num_bytes_to_send)
004A 6E00      00460         MOVWF   r0x03
004C 0E80      00461         MOVLW   0x80
               00462 ; #     MOVWF   r0x05
               00463 ; #     MOVF    r0x05, W
               00464 ; ;     peep 2 - Removed redundant move
004E 6EE5      00465         MOVWF   POSTDEC1
0050 5000      00466         MOVF    r0x04, W
0052 6EE5      00467         MOVWF   POSTDEC1
0054 5000      00468         MOVF    r0x03, W
0056 6EE5      00469         MOVWF   POSTDEC1
0058 6AE5      00470         CLRF    POSTDEC1
005A 0E40      00471         MOVLW   0x40
005C 6EE5      00472         MOVWF   POSTDEC1
005E 5000      00473         MOVF    r0x02, W
0060 6EE5      00474         MOVWF   POSTDEC1
0062 5000      00475         MOVF    r0x01, W
0064 6EE5      00476         MOVWF   POSTDEC1
0066 5000      00477         MOVF    r0x00, W
0068 6EE5      00478         MOVWF   POSTDEC1
006A 0E02      00479         MOVLW   0x02
006C 6EE5      00480         MOVWF   POSTDEC1
006E EC00 F000 00481         CALL    _fill_in_buffer
0072 0E09      00482         MOVLW   0x09
0074 26E1      00483         ADDWF   FSR1L, F
0076 0000      00484         BANKSEL (_ep_bdt + 20)
               00485 ;       .line   41; my_ep2.c    if(EP_IN_BD(2).Stat.DTS == 0)
0078 BD00      00486         BTFSC   (_ep_bdt + 20), 6, B
gpasm-0.13.4 beta               my_ep2.asm  5-19-2009  21:44:04          PAGE 10


LOC  OBJECT CODE     LINE SOURCE TEXT
  VALUE
 
007A D000      00487         BRA     _00110_DS_
               00488 ;       .line   43; my_ep2.c    EP_IN_BD(2).Stat.uc = BDS_USIE | BDS_DAT1 | BDS_DTSEN;
007C 0EC8      00489         MOVLW   0xc8
               00490 ; removed redundant BANKSEL
007E 6F00      00491         MOVWF   (_ep_bdt + 20), B
0080 D000      00492         BRA     _00112_DS_
0082           00493 _00110_DS_:
               00494 ;       .line   47; my_ep2.c    EP_IN_BD(2).Stat.uc = BDS_USIE | BDS_DAT0 | BDS_DTSEN;
0082 0E88      00495         MOVLW   0x88
0084 0000      00496         BANKSEL (_ep_bdt + 20)
0086 6F00      00497         MOVWF   (_ep_bdt + 20), B
0088           00498 _00112_DS_:
0088 CFE4 F000 00499         MOVFF   PREINC1, r0x04
008C CFE4 F000 00500         MOVFF   PREINC1, r0x03
0090 CFE4 F000 00501         MOVFF   PREINC1, r0x02
0094 CFE4 F000 00502         MOVFF   PREINC1, r0x01
0098 CFE4 F000 00503         MOVFF   PREINC1, r0x00
009C 0012      00504         RETURN  
               00505 
               00506 ; ; Starting pCode block
               00507 S_my_ep2__my_ep2_init   code
0000           00508 _my_ep2_init:
               00509 ;       .line   30; my_ep2.c    mydata = &an_data[2 * NB_ANALOGS +1];
0000 0E00      00510         MOVLW   HIGH(_an_data + 9)
0002 0000      00511         BANKSEL (_mydata + 1)
0004 6F00      00512         MOVWF   (_mydata + 1), B
0006 0E00      00513         MOVLW   LOW(_an_data + 9)
               00514 ; removed redundant BANKSEL
0008 6F00      00515         MOVWF   _mydata, B
000A 0E80      00516         MOVLW   0x80
               00517 ; removed redundant BANKSEL
000C 6F00      00518         MOVWF   (_mydata + 2), B
               00519 ;       .line   31; my_ep2.c    EP_IN_BD(2).Stat.uc = BDS_UCPU | BDS_DAT1 | BDS_DTSEN;
000E 0E48      00520         MOVLW   0x48
0010 0000      00521         BANKSEL (_ep_bdt + 20)
0012 6F00      00522         MOVWF   (_ep_bdt + 20), B
               00523 ;       .line   32; my_ep2.c    UEP2 = EPHSHK_EN | EPINEN_EN | EPCONDIS_EN;       // Init EP2 as an IN EP
0014 0E1A      00524         MOVLW   0x1a
0016 6E00      00525         MOVWF   _UEP2
0018 0012      00526         RETURN  
               00527 
               00528 
               00529 
               00530 ; Statistics:
               00531 ; code size:      350 (0x015e) bytes ( 0.27%)
               00532 ;                 175 (0x00af) words
               00533 ; udata size:      73 (0x0049) bytes ( 4.07%)
               00534 ; access size:      5 (0x0005) bytes
               00535 
               00536 
gpasm-0.13.4 beta               my_ep2.asm  5-19-2009  21:44:04          PAGE 11


SYMBOL TABLE
  LABEL                             VALUE 

FSR1L                             00000FE1
FSR2L                             00000FD9
POSTDEC1                          00000FE5
PREINC1                           00000FE4
STATUS                            00000FD8
_00110_DS_                        00000082
_00112_DS_                        00000088
_00116_DS_                        00000020
_00122_DS_                        00000024
_00125_DS_                        0000008A
_00127_DS_                        00000090
_00133_DS_                        00000030
_ADCON0                           00000000
_ADCON0bits                       00000000
_ADCON1                           00000000
_ADCON1bits                       00000000
_ADCON2                           00000000
_ADCON2bits                       00000000
_ADRESH                           00000000
_ADRESL                           00000000
_BAUDCON                          00000000
_BAUDCONbits                      00000000
_BSR                              00000000
_BSRbits                          00000000
_CCP1CON                          00000000
_CCP1CONbits                      00000000
_CCP2CON                          00000000
_CCP2CONbits                      00000000
_CCPR1H                           00000000
_CCPR1L                           00000000
_CCPR2H                           00000000
_CCPR2L                           00000000
_CMCON                            00000000
_CMCONbits                        00000000
_CVRCON                           00000000
_CVRCONbits                       00000000
_ECCP1AS                          00000000
_ECCP1ASbits                      00000000
_ECCP1DEL                         00000000
_ECCP1DELbits                     00000000
_EEADR                            00000000
_EECON1                           00000000
_EECON1bits                       00000000
_EECON2                           00000000
_EEDATA                           00000000
_FSR0H                            00000000
_FSR0Hbits                        00000000
_FSR0L                            00000000
_FSR1H                            00000000
_FSR1Hbits                        00000000
_FSR1L                            00000000
_FSR2H                            00000000
_FSR2Hbits                        00000000
gpasm-0.13.4 beta               my_ep2.asm  5-19-2009  21:44:04          PAGE 12


LOC  OBJECT CODE     LINE SOURCE TEXT
  VALUE
 
_FSR2L                            00000000
_HLVDCON                          00000000
_HLVDCONbits                      00000000
_INDF0                            00000000
_INDF1                            00000000
_INDF2                            00000000
_INTCON                           00000000
_INTCON2                          00000000
_INTCON2bits                      00000000
_INTCON3                          00000000
_INTCON3bits                      00000000
_INTCONbits                       00000000
_IPR1                             00000000
_IPR1bits                         00000000
_IPR2                             00000000
_IPR2bits                         00000000
_LATA                             00000000
_LATAbits                         00000000
_LATB                             00000000
_LATBbits                         00000000
_LATC                             00000000
_LATCbits                         00000000
_LATD                             00000000
_LATDbits                         00000000
_LATE                             00000000
_LATEbits                         00000000
_OSCCON                           00000000
_OSCCONbits                       00000000
_OSCTUNE                          00000000
_OSCTUNEbits                      00000000
_PCL                              00000000
_PCLATH                           00000000
_PCLATHbits                       00000000
_PCLATU                           00000000
_PCLATUbits                       00000000
_PIE1                             00000000
_PIE1bits                         00000000
_PIE2                             00000000
_PIE2bits                         00000000
_PIR1                             00000000
_PIR1bits                         00000000
_PIR2                             00000000
_PIR2bits                         00000000
_PLUSW0                           00000000
_PLUSW1                           00000000
_PLUSW2                           00000000
_PORTA                            00000000
_PORTAbits                        00000000
_PORTB                            00000000
_PORTBbits                        00000000
_PORTC                            00000000
_PORTCbits                        00000000
_PORTD                            00000000
_PORTDbits                        00000000
gpasm-0.13.4 beta               my_ep2.asm  5-19-2009  21:44:04          PAGE 13


LOC  OBJECT CODE     LINE SOURCE TEXT
  VALUE
 
_PORTE                            00000000
_PORTEbits                        00000000
_POSTDEC0                         00000000
_POSTDEC1                         00000000
_POSTDEC2                         00000000
_POSTINC0                         00000000
_POSTINC1                         00000000
_POSTINC2                         00000000
_PR2                              00000000
_PREINC0                          00000000
_PREINC1                          00000000
_PREINC2                          00000000
_PRODH                            00000000
_PRODL                            00000000
_RCON                             00000000
_RCONbits                         00000000
_RCREG                            00000000
_RCSTA                            00000000
_RCSTAbits                        00000000
_SPBRG                            00000000
_SPBRGH                           00000000
_SPPCFG                           00000000
_SPPCFGbits                       00000000
_SPPCON                           00000000
_SPPCONbits                       00000000
_SPPDATA                          00000000
_SPPDATAbits                      00000000
_SPPEPS                           00000000
_SPPEPSbits                       00000000
_SSPADD                           00000000
_SSPBUF                           00000000
_SSPCON1                          00000000
_SSPCON1bits                      00000000
_SSPCON2                          00000000
_SSPCON2bits                      00000000
_SSPSTAT                          00000000
_SSPSTATbits                      00000000
_STATUS                           00000000
_STATUSbits                       00000000
_STKPTR                           00000000
_STKPTRbits                       00000000
_T0CON                            00000000
_T0CONbits                        00000000
_T1CON                            00000000
_T1CONbits                        00000000
_T2CON                            00000000
_T2CONbits                        00000000
_T3CON                            00000000
_T3CONbits                        00000000
_TABLAT                           00000000
_TBLPTRH                          00000000
_TBLPTRL                          00000000
_TBLPTRU                          00000000
_TBLPTRUbits                      00000000
gpasm-0.13.4 beta               my_ep2.asm  5-19-2009  21:44:04          PAGE 14


LOC  OBJECT CODE     LINE SOURCE TEXT
  VALUE
 
_TMR0H                            00000000
_TMR0L                            00000000
_TMR1H                            00000000
_TMR1L                            00000000
_TMR2                             00000000
_TMR3H                            00000000
_TMR3L                            00000000
_TOSH                             00000000
_TOSL                             00000000
_TOSU                             00000000
_TOSUbits                         00000000
_TRISA                            00000000
_TRISAbits                        00000000
_TRISB                            00000000
_TRISBbits                        00000000
_TRISC                            00000000
_TRISCbits                        00000000
_TRISD                            00000000
_TRISDbits                        00000000
_TRISE                            00000000
_TRISEbits                        00000000
_TXREG                            00000000
_TXSTA                            00000000
_TXSTAbits                        00000000
_UADDR                            00000000
_UADDRbits                        00000000
_UCFG                             00000000
_UCFGbits                         00000000
_UCON                             00000000
_UCONbits                         00000000
_UEIE                             00000000
_UEIEbits                         00000000
_UEIR                             00000000
_UEIRbits                         00000000
_UEP0                             00000000
_UEP0bits                         00000000
_UEP1                             00000000
_UEP10                            00000000
_UEP10bits                        00000000
_UEP11                            00000000
_UEP11bits                        00000000
_UEP12                            00000000
_UEP12bits                        00000000
_UEP13                            00000000
_UEP13bits                        00000000
_UEP14                            00000000
_UEP14bits                        00000000
_UEP15                            00000000
_UEP15bits                        00000000
_UEP1bits                         00000000
_UEP2                             00000000
_UEP2bits                         00000000
_UEP3                             00000000
_UEP3bits                         00000000
gpasm-0.13.4 beta               my_ep2.asm  5-19-2009  21:44:04          PAGE 15


LOC  OBJECT CODE     LINE SOURCE TEXT
  VALUE
 
_UEP4                             00000000
_UEP4bits                         00000000
_UEP5                             00000000
_UEP5bits                         00000000
_UEP6                             00000000
_UEP6bits                         00000000
_UEP7                             00000000
_UEP7bits                         00000000
_UEP8                             00000000
_UEP8bits                         00000000
_UEP9                             00000000
_UEP9bits                         00000000
_UFRMH                            00000000
_UFRMHbits                        00000000
_UFRML                            00000000
_UFRMLbits                        00000000
_UIE                              00000000
_UIEbits                          00000000
_UIR                              00000000
_UIRbits                          00000000
_USTAT                            00000000
_USTATbits                        00000000
_WDTCON                           00000000
_WDTCONbits                       00000000
_WREG                             00000000
__18F4550                         00000001
_an_data                          00000000
_configuration_descriptor         00000000
_device_descriptor                00000000
_ep2_num_bytes_to_send            00000000
_ep2_source_data                  00000000
_ep_bdt                           00000000
_ep_in                            00000000
_ep_init                          00000000
_ep_out                           00000000
_ep_setup                         00000000
_fill_in_buffer                   00000000
_last_send_was_null               00000000
_my_ep2_in                        00000000
_my_ep2_init                      00000000
_my_prepare_ep2_in                00000000
_mydata                           00000000
_str0                             00000000
_str1                             00000000
_str2                             00000000
_str3                             00000000
_string_descriptor                00000000
_usb_active_alt_setting           00000000
_usb_active_cfg                   00000000
_usb_device_state                 00000000
r0x00                             00000000
r0x01                             00000001
r0x02                             00000002
r0x03                             00000003
gpasm-0.13.4 beta               my_ep2.asm  5-19-2009  21:44:04          PAGE 16


LOC  OBJECT CODE     LINE SOURCE TEXT
  VALUE
 
r0x04                             00000004


Errors   :       0
Warnings :       0 reported,       0 suppressed
Messages :       0 reported,       0 suppressed

